Archive member included to satisfy reference by file (symbol)

/opt/st/stm32cubeide_1.14.0/plugins/com.st.stm32cube.ide.mcu.externaltools.gnu-tools-for-stm32.11.3.rel1.linux64_1.1.100.202309141235/tools/bin/../lib/gcc/arm-none-eabi/11.3.1/../../../../arm-none-eabi/lib/thumb/v7e-m+fp/hard/libc_nano.a(libc_a-exit.o)
                              /opt/st/stm32cubeide_1.14.0/plugins/com.st.stm32cube.ide.mcu.externaltools.gnu-tools-for-stm32.11.3.rel1.linux64_1.1.100.202309141235/tools/bin/../lib/gcc/arm-none-eabi/11.3.1/../../../../arm-none-eabi/lib/thumb/v7e-m+fp/hard/crt0.o (exit)
/opt/st/stm32cubeide_1.14.0/plugins/com.st.stm32cube.ide.mcu.externaltools.gnu-tools-for-stm32.11.3.rel1.linux64_1.1.100.202309141235/tools/bin/../lib/gcc/arm-none-eabi/11.3.1/../../../../arm-none-eabi/lib/thumb/v7e-m+fp/hard/libc_nano.a(libc_a-nano-vfprintf_float.o)
                              (_printf_float)
/opt/st/stm32cubeide_1.14.0/plugins/com.st.stm32cube.ide.mcu.externaltools.gnu-tools-for-stm32.11.3.rel1.linux64_1.1.100.202309141235/tools/bin/../lib/gcc/arm-none-eabi/11.3.1/../../../../arm-none-eabi/lib/thumb/v7e-m+fp/hard/libc_nano.a(libc_a-nano-vfprintf_i.o)
                              /opt/st/stm32cubeide_1.14.0/plugins/com.st.stm32cube.ide.mcu.externaltools.gnu-tools-for-stm32.11.3.rel1.linux64_1.1.100.202309141235/tools/bin/../lib/gcc/arm-none-eabi/11.3.1/../../../../arm-none-eabi/lib/thumb/v7e-m+fp/hard/libc_nano.a(libc_a-nano-vfprintf_float.o) (_printf_common)
/opt/st/stm32cubeide_1.14.0/plugins/com.st.stm32cube.ide.mcu.externaltools.gnu-tools-for-stm32.11.3.rel1.linux64_1.1.100.202309141235/tools/bin/../lib/gcc/arm-none-eabi/11.3.1/../../../../arm-none-eabi/lib/thumb/v7e-m+fp/hard/libc_nano.a(libc_a-findfp.o)
                              ./Middlewares/Third_Party/FreeRTOS/Source/tasks.o (__sf)
/opt/st/stm32cubeide_1.14.0/plugins/com.st.stm32cube.ide.mcu.externaltools.gnu-tools-for-stm32.11.3.rel1.linux64_1.1.100.202309141235/tools/bin/../lib/gcc/arm-none-eabi/11.3.1/../../../../arm-none-eabi/lib/thumb/v7e-m+fp/hard/libc_nano.a(libc_a-fwalk.o)
                              /opt/st/stm32cubeide_1.14.0/plugins/com.st.stm32cube.ide.mcu.externaltools.gnu-tools-for-stm32.11.3.rel1.linux64_1.1.100.202309141235/tools/bin/../lib/gcc/arm-none-eabi/11.3.1/../../../../arm-none-eabi/lib/thumb/v7e-m+fp/hard/libc_nano.a(libc_a-findfp.o) (_fwalk_sglue)
/opt/st/stm32cubeide_1.14.0/plugins/com.st.stm32cube.ide.mcu.externaltools.gnu-tools-for-stm32.11.3.rel1.linux64_1.1.100.202309141235/tools/bin/../lib/gcc/arm-none-eabi/11.3.1/../../../../arm-none-eabi/lib/thumb/v7e-m+fp/hard/libc_nano.a(libc_a-snprintf.o)
                              ./Core/Src/main.o (snprintf)
/opt/st/stm32cubeide_1.14.0/plugins/com.st.stm32cube.ide.mcu.externaltools.gnu-tools-for-stm32.11.3.rel1.linux64_1.1.100.202309141235/tools/bin/../lib/gcc/arm-none-eabi/11.3.1/../../../../arm-none-eabi/lib/thumb/v7e-m+fp/hard/libc_nano.a(libc_a-sprintf.o)
                              ./Core/Src/IMU.o (sprintf)
/opt/st/stm32cubeide_1.14.0/plugins/com.st.stm32cube.ide.mcu.externaltools.gnu-tools-for-stm32.11.3.rel1.linux64_1.1.100.202309141235/tools/bin/../lib/gcc/arm-none-eabi/11.3.1/../../../../arm-none-eabi/lib/thumb/v7e-m+fp/hard/libc_nano.a(libc_a-stdio.o)
                              /opt/st/stm32cubeide_1.14.0/plugins/com.st.stm32cube.ide.mcu.externaltools.gnu-tools-for-stm32.11.3.rel1.linux64_1.1.100.202309141235/tools/bin/../lib/gcc/arm-none-eabi/11.3.1/../../../../arm-none-eabi/lib/thumb/v7e-m+fp/hard/libc_nano.a(libc_a-findfp.o) (__sread)
/opt/st/stm32cubeide_1.14.0/plugins/com.st.stm32cube.ide.mcu.externaltools.gnu-tools-for-stm32.11.3.rel1.linux64_1.1.100.202309141235/tools/bin/../lib/gcc/arm-none-eabi/11.3.1/../../../../arm-none-eabi/lib/thumb/v7e-m+fp/hard/libc_nano.a(libc_a-memset.o)
                              /opt/st/stm32cubeide_1.14.0/plugins/com.st.stm32cube.ide.mcu.externaltools.gnu-tools-for-stm32.11.3.rel1.linux64_1.1.100.202309141235/tools/bin/../lib/gcc/arm-none-eabi/11.3.1/../../../../arm-none-eabi/lib/thumb/v7e-m+fp/hard/crt0.o (memset)
/opt/st/stm32cubeide_1.14.0/plugins/com.st.stm32cube.ide.mcu.externaltools.gnu-tools-for-stm32.11.3.rel1.linux64_1.1.100.202309141235/tools/bin/../lib/gcc/arm-none-eabi/11.3.1/../../../../arm-none-eabi/lib/thumb/v7e-m+fp/hard/libc_nano.a(libc_a-localeconv.o)
                              /opt/st/stm32cubeide_1.14.0/plugins/com.st.stm32cube.ide.mcu.externaltools.gnu-tools-for-stm32.11.3.rel1.linux64_1.1.100.202309141235/tools/bin/../lib/gcc/arm-none-eabi/11.3.1/../../../../arm-none-eabi/lib/thumb/v7e-m+fp/hard/libc_nano.a(libc_a-nano-vfprintf_float.o) (_localeconv_r)
/opt/st/stm32cubeide_1.14.0/plugins/com.st.stm32cube.ide.mcu.externaltools.gnu-tools-for-stm32.11.3.rel1.linux64_1.1.100.202309141235/tools/bin/../lib/gcc/arm-none-eabi/11.3.1/../../../../arm-none-eabi/lib/thumb/v7e-m+fp/hard/libc_nano.a(libc_a-closer.o)
[...]
Memory Configuration

Name             Origin             Length             Attributes
RAM              0x0000000020000000 0x0000000000020000 xrw
FLASH            0x0000000008000000 0x0000000000080000 xr
*default*        0x0000000000000000 0xffffffffffffffff

Linker script and memory map

LOAD /opt/st/stm32cubeide_1.14.0/plugins/com.st.stm32cube.ide.mcu.externaltools.gnu-tools-for-stm32.11.3.rel1.linux64_1.1.100.202309141235/tools/bin/../lib/gcc/arm-none-eabi/11.3.1/thumb/v7e-m+fp/hard/crti.o
LOAD /opt/st/stm32cubeide_1.14.0/plugins/com.st.stm32cube.ide.mcu.externaltools.gnu-tools-for-stm32.11.3.rel1.linux64_1.1.100.202309141235/tools/bin/../lib/gcc/arm-none-eabi/11.3.1/thumb/v7e-m+fp/hard/crtbegin.o
LOAD /opt/st/stm32cubeide_1.14.0/plugins/com.st.stm32cube.ide.mcu.externaltools.gnu-tools-for-stm32.11.3.rel1.linux64_1.1.100.202309141235/tools/bin/../lib/gcc/arm-none-eabi/11.3.1/../../../../arm-none-eabi/lib/thumb/v7e-m+fp/hard/crt0.o
LOAD ./Core/Src/IMU.o
LOAD ./Core/Src/adc.o
LOAD ./Core/Src/can.o
LOAD ./Core/Src/dma.o
LOAD ./Core/Src/flowmeter.o
LOAD ./Core/Src/freertos.o
LOAD ./Core/Src/gpio.o
LOAD ./Core/Src/main.o
LOAD ./Core/Src/sd_card.o
LOAD ./Core/Src/sd_card2.o
LOAD ./Core/Src/shock_pot.o
LOAD ./Core/Src/spi.o
LOAD ./Core/Src/stm32f4xx_hal_msp.o
LOAD ./Core/Src/stm32f4xx_hal_timebase_tim.o
LOAD ./Core/Src/stm32f4xx_it.o
LOAD ./Core/Src/syscalls.o
LOAD ./Core/Src/sysmem.o
LOAD ./Core/Src/system_stm32f4xx.o
LOAD ./Core/Src/thermistor.o
LOAD ./Core/Src/tim.o
LOAD ./Core/Src/usart.o
LOAD ./Core/Src/wheel_speed.o
LOAD ./Core/Startup/startup_stm32f446retx.o
LOAD ./Drivers/STM32F4xx_HAL_Driver/Src/stm32f4xx_hal.o
LOAD ./Drivers/STM32F4xx_HAL_Driver/Src/stm32f4xx_hal_adc.o
LOAD ./Drivers/STM32F4xx_HAL_Driver/Src/stm32f4xx_hal_adc_ex.o
LOAD ./Drivers/STM32F4xx_HAL_Driver/Src/stm32f4xx_hal_can.o
LOAD ./Drivers/STM32F4xx_HAL_Driver/Src/stm32f4xx_hal_cortex.o
LOAD ./Drivers/STM32F4xx_HAL_Driver/Src/stm32f4xx_hal_dma.o
LOAD ./Drivers/STM32F4xx_HAL_Driver/Src/stm32f4xx_hal_dma_ex.o
LOAD ./Drivers/STM32F4xx_HAL_Driver/Src/stm32f4xx_hal_exti.o
LOAD ./Drivers/STM32F4xx_HAL_Driver/Src/stm32f4xx_hal_flash.o
LOAD ./Drivers/STM32F4xx_HAL_Driver/Src/stm32f4xx_hal_flash_ex.o
LOAD ./Drivers/STM32F4xx_HAL_Driver/Src/stm32f4xx_hal_flash_ramfunc.o
LOAD ./Drivers/STM32F4xx_HAL_Driver/Src/stm32f4xx_hal_gpio.o
LOAD ./Drivers/STM32F4xx_HAL_Driver/Src/stm32f4xx_hal_pwr.o
LOAD ./Drivers/STM32F4xx_HAL_Driver/Src/stm32f4xx_hal_pwr_ex.o
LOAD ./Drivers/STM32F4xx_HAL_Driver/Src/stm32f4xx_hal_rcc.o
LOAD ./Drivers/STM32F4xx_HAL_Driver/Src/stm32f4xx_hal_rcc_ex.o
LOAD ./Drivers/STM32F4xx_HAL_Driver/Src/stm32f4xx_hal_spi.o
LOAD ./Drivers/STM32F4xx_HAL_Driver/Src/stm32f4xx_hal_tim.o
LOAD ./Drivers/STM32F4xx_HAL_Driver/Src/stm32f4xx_hal_tim_ex.o
LOAD ./Drivers/STM32F4xx_HAL_Driver/Src/stm32f4xx_hal_usart.o
LOAD ./Drivers/STM32F4xx_HAL_Driver/Src/stm32f4xx_ll_adc.o
LOAD ./FATFS/App/fatfs.o
LOAD ./FATFS/Target/user_diskio.o
LOAD ./FATFS/Target/user_diskio_spi.o
LOAD ./Middlewares/Third_Party/FatFs/src/diskio.o
LOAD ./Middlewares/Third_Party/FatFs/src/ff.o
LOAD ./Middlewares/Third_Party/FatFs/src/ff_gen_drv.o
LOAD ./Middlewares/Third_Party/FatFs/src/option/syscall.o
LOAD ./Middlewares/Third_Party/FreeRTOS/Source/CMSIS_RTOS/cmsis_os.o
LOAD ./Middlewares/Third_Party/FreeRTOS/Source/croutine.o
LOAD ./Middlewares/Third_Party/FreeRTOS/Source/event_groups.o
LOAD ./Middlewares/Third_Party/FreeRTOS/Source/list.o
LOAD ./Middlewares/Third_Party/FreeRTOS/Source/queue.o
LOAD ./Middlewares/Third_Party/FreeRTOS/Source/stream_buffer.o
LOAD ./Middlewares/Third_Party/FreeRTOS/Source/tasks.o
LOAD ./Middlewares/Third_Party/FreeRTOS/Source/timers.o
LOAD ./Middlewares/Third_Party/FreeRTOS/Source/portable/GCC/ARM_CM4F/port.o
LOAD ./Middlewares/Third_Party/FreeRTOS/Source/portable/MemMang/heap_4.o
START GROUP
LOAD /opt/st/stm32cubeide_1.14.0/plugins/com.st.stm32cube.ide.mcu.externaltools.gnu-tools-for-stm32.11.3.rel1.linux64_1.1.100.202309141235/tools/bin/../lib/gcc/arm-none-eabi/11.3.1/../../../../arm-none-eabi/lib/thumb/v7e-m+fp/hard/libc_nano.a
LOAD /opt/st/stm32cubeide_1.14.0/plugins/com.st.stm32cube.ide.mcu.externaltools.gnu-tools-for-stm32.11.3.rel1.linux64_1.1.100.202309141235/tools/bin/../lib/gcc/arm-none-eabi/11.3.1/../../../../arm-none-eabi/lib/thumb/v7e-m+fp/hard/libm.a
END GROUP
START GROUP
LOAD /opt/st/stm32cubeide_1.14.0/plugins/com.st.stm32cube.ide.mcu.externaltools.gnu-tools-for-stm32.11.3.rel1.linux64_1.1.100.202309141235/tools/bin/../lib/gcc/arm-none-eabi/11.3.1/thumb/v7e-m+fp/hard/libgcc.a
LOAD /opt/st/stm32cubeide_1.14.0/plugins/com.st.stm32cube.ide.mcu.externaltools.gnu-tools-for-stm32.11.3.rel1.linux64_1.1.100.202309141235/tools/bin/../lib/gcc/arm-none-eabi/11.3.1/../../../../arm-none-eabi/lib/thumb/v7e-m+fp/hard/libc_nano.a
END GROUP
START GROUP
LOAD /opt/st/stm32cubeide_1.14.0/plugins/com.st.stm32cube.ide.mcu.externaltools.gnu-tools-for-stm32.11.3.rel1.linux64_1.1.100.202309141235/tools/bin/../lib/gcc/arm-none-eabi/11.3.1/thumb/v7e-m+fp/hard/libgcc.a
LOAD /opt/st/stm32cubeide_1.14.0/plugins/com.st.stm32cube.ide.mcu.externaltools.gnu-tools-for-stm32.11.3.rel1.linux64_1.1.100.202309141235/tools/bin/../lib/gcc/arm-none-eabi/11.3.1/../../../../arm-none-eabi/lib/thumb/v7e-m+fp/hard/libc_nano.a
LOAD /opt/st/stm32cubeide_1.14.0/plugins/com.st.stm32cube.ide.mcu.externaltools.gnu-tools-for-stm32.11.3.rel1.linux64_1.1.100.202309141235/tools/bin/../lib/gcc/arm-none-eabi/11.3.1/../../../../arm-none-eabi/lib/thumb/v7e-m+fp/hard/libnosys.a
END GROUP
START GROUP
LOAD /opt/st/stm32cubeide_1.14.0/plugins/com.st.stm32cube.ide.mcu.externaltools.gnu-tools-for-stm32.11.3.rel1.linux64_1.1.100.202309141235/tools/bin/../lib/gcc/arm-none-eabi/11.3.1/thumb/v7e-m+fp/hard/libgcc.a
LOAD /opt/st/stm32cubeide_1.14.0/plugins/com.st.stm32cube.ide.mcu.externaltools.gnu-tools-for-stm32.11.3.rel1.linux64_1.1.100.202309141235/tools/bin/../lib/gcc/arm-none-eabi/11.3.1/../../../../arm-none-eabi/lib/thumb/v7e-m+fp/hard/libc_nano.a
LOAD /opt/st/stm32cubeide_1.14.0/plugins/com.st.stm32cube.ide.mcu.externaltools.gnu-tools-for-stm32.11.3.rel1.linux64_1.1.100.202309141235/tools/bin/../lib/gcc/arm-none-eabi/11.3.1/../../../../arm-none-eabi/lib/thumb/v7e-m+fp/hard/libnosys.a
END GROUP
LOAD /opt/st/stm32cubeide_1.14.0/plugins/com.st.stm32cube.ide.mcu.externaltools.gnu-tools-for-stm32.11.3.rel1.linux64_1.1.100.202309141235/tools/bin/../lib/gcc/arm-none-eabi/11.3.1/thumb/v7e-m+fp/hard/crtend.o
LOAD /opt/st/stm32cubeide_1.14.0/plugins/com.st.stm32cube.ide.mcu.externaltools.gnu-tools-for-stm32.11.3.rel1.linux64_1.1.100.202309141235/tools/bin/../lib/gcc/arm-none-eabi/11.3.1/thumb/v7e-m+fp/hard/crtn.o
                0x0000000020020000                _estack = (ORIGIN (RAM) + LENGTH (RAM))
                0x0000000000000200                _Min_Heap_Size = 0x200
                0x0000000000000400                _Min_Stack_Size = 0x400

.isr_vector     0x0000000008000000      0x1c4
                0x0000000008000000                . = ALIGN (0x4)
 *(.isr_vector)
 .isr_vector    0x0000000008000000      0x1c4 ./Core/Startup/startup_stm32f446retx.o
                0x0000000008000000                g_pfnVectors
                0x00000000080001c4                . = ALIGN (0x4)

.text           0x00000000080001d0     0xdf54
                0x00000000080001d0                . = ALIGN (0x4)
 *(.text)
 .text          0x00000000080001d0       0x40 /opt/st/stm32cubeide_1.14.0/plugins/com.st.stm32cube.ide.mcu.externaltools.gnu-tools-for-stm32.11.3.rel1.linux64_1.1.100.202309141235/tools/bin/../lib/gcc/arm-none-eabi/11.3.1/thumb/v7e-m+fp/hard/crtbegin.o
 .text          0x0000000008000210       0xa0 /opt/st/stm32cubeide_1.14.0/plugins/com.st.stm32cube.ide.mcu.externaltools.gnu-tools-for-stm32.11.3.rel1.linux64_1.1.100.202309141235/tools/bin/../lib/gcc/arm-none-eabi/11.3.1/../../../../arm-none-eabi/lib/thumb/v7e-m+fp/hard/libc_nano.a(libc_a-memchr.o)
                0x0000000008000210                memchr
 .text          0x00000000080002b0       0x10 /opt/st/stm32cubeide_1.14.0/plugins/com.st.stm32cube.ide.mcu.externaltools.gnu-tools-for-stm32.11.3.rel1.linux64_1.1.100.202309141235/tools/bin/../lib/gcc/arm-none-eabi/11.3.1/../../../../arm-none-eabi/lib/thumb/v7e-m+fp/hard/libc_nano.a(libc_a-strlen.o)
                0x00000000080002b0                strlen
 .text          0x00000000080002c0      0x378 /opt/st/stm32cubeide_1.14.0/plugins/com.st.stm32cube.ide.mcu.externaltools.gnu-tools-for-stm32.11.3.rel1.linux64_1.1.100.202309141235/tools/bin/../lib/gcc/arm-none-eabi/11.3.1/thumb/v7e-m+fp/hard/libgcc.a(_arm_addsubdf3.o)
                0x00000000080002c0                __aeabi_drsub
                0x00000000080002c8                __aeabi_dsub
                0x00000000080002c8                __subdf3
                0x00000000080002cc                __adddf3
                0x00000000080002cc                __aeabi_dadd
                0x0000000008000544                __aeabi_ui2d
                0x0000000008000544                __floatunsidf
                0x0000000008000564                __floatsidf
                0x0000000008000564                __aeabi_i2d
                0x0000000008000588                __extendsfdf2
                0x0000000008000588                __aeabi_f2d
                0x00000000080005cc                __aeabi_ul2d
                0x00000000080005cc                __floatundidf
                0x00000000080005dc                __floatdidf
                0x00000000080005dc                __aeabi_l2d
 .text          0x0000000008000638      0x424 /opt/st/stm32cubeide_1.14.0/plugins/com.st.stm32cube.ide.mcu.externaltools.gnu-tools-for-stm32.11.3.rel1.linux64_1.1.100.202309141235/tools/bin/../lib/gcc/arm-none-eabi/11.3.1/thumb/v7e-m+fp/hard/libgcc.a(_arm_muldivdf3.o)
                0x0000000008000638                __aeabi_dmul
                0x0000000008000638                __muldf3
                0x000000000800088c                __aeabi_ddiv
                0x000000000800088c                __divdf3
 .text          0x0000000008000a5c      0x110 /opt/st/stm32cubeide_1.14.0/plugins/com.st.stm32cube.ide.mcu.externaltools.gnu-tools-for-stm32.11.3.rel1.linux64_1.1.100.202309141235/tools/bin/../lib/gcc/arm-none-eabi/11.3.1/thumb/v7e-m+fp/hard/libgcc.a(_arm_cmpdf2.o)
                0x0000000008000a5c                __gtdf2
                0x0000000008000a5c                __gedf2
                0x0000000008000a64                __ltdf2
                0x0000000008000a64                __ledf2
                0x0000000008000a6c                __cmpdf2
                0x0000000008000a6c                __eqdf2
                0x0000000008000a6c                __nedf2
                0x0000000008000ae8                __aeabi_cdrcmple
                0x0000000008000af8                __aeabi_cdcmple
                0x0000000008000af8                __aeabi_cdcmpeq
                0x0000000008000b08                __aeabi_dcmpeq
                0x0000000008000b1c                __aeabi_dcmplt
                0x0000000008000b30                __aeabi_dcmple
                0x0000000008000b44                __aeabi_dcmpge
                0x0000000008000b58                __aeabi_dcmpgt
 .text          0x0000000008000b6c       0x2c /opt/st/stm32cubeide_1.14.0/plugins/com.st.stm32cube.ide.mcu.externaltools.gnu-tools-for-stm32.11.3.rel1.linux64_1.1.100.202309141235/tools/bin/../lib/gcc/arm-none-eabi/11.3.1/thumb/v7e-m+fp/hard/libgcc.a(_arm_unorddf2.o)
                0x0000000008000b6c                __aeabi_dcmpun
                0x0000000008000b6c                __unorddf2
 .text          0x0000000008000b98       0x50 /opt/st/stm32cubeide_1.14.0/plugins/com.st.stm32cube.ide.mcu.externaltools.gnu-tools-for-stm32.11.3.rel1.linux64_1.1.100.202309141235/tools/bin/../lib/gcc/arm-none-eabi/11.3.1/thumb/v7e-m+fp/hard/libgcc.a(_arm_fixdfsi.o)
                0x0000000008000b98                __fixdfsi
                0x0000000008000b98                __aeabi_d2iz
 .text          0x0000000008000be8       0x30 /opt/st/stm32cubeide_1.14.0/plugins/com.st.stm32cube.ide.mcu.externaltools.gnu-tools-for-stm32.11.3.rel1.linux64_1.1.100.202309141235/tools/bin/../lib/gcc/arm-none-eabi/11.3.1/thumb/v7e-m+fp/hard/libgcc.a(_aeabi_uldivmod.o)
                0x0000000008000be8                __aeabi_uldivmod
 .text          0x0000000008000c18      0x2c8 /opt/st/stm32cubeide_1.14.0/plugins/com.st.stm32cube.ide.mcu.externaltools.gnu-tools-for-stm32.11.3.rel1.linux64_1.1.100.202309141235/tools/bin/../lib/gcc/arm-none-eabi/11.3.1/thumb/v7e-m+fp/hard/libgcc.a(_udivmoddi4.o)
                0x0000000008000c18                __udivmoddi4
 .text          0x0000000008000ee0        0x4 /opt/st/stm32cubeide_1.14.0/plugins/com.st.stm32cube.ide.mcu.externaltools.gnu-tools-for-stm32.11.3.rel1.linux64_1.1.100.202309141235/tools/bin/../lib/gcc/arm-none-eabi/11.3.1/thumb/v7e-m+fp/hard/libgcc.a(_dvmd_tls.o)
                0x0000000008000ee0                __aeabi_ldiv0
                0x0000000008000ee0                __aeabi_idiv0
 *(.text*)
 .text.MX_ADC1_Init
                0x0000000008000ee4      0x24c ./Core/Src/adc.o
                0x0000000008000ee4                MX_ADC1_Init
 .text.HAL_ADC_MspInit
                0x0000000008001130      0x160 ./Core/Src/adc.o
                0x0000000008001130                HAL_ADC_MspInit
 .text.MX_DMA_Init
                0x0000000008001290       0x40 ./Core/Src/dma.o
                0x0000000008001290                MX_DMA_Init
 .text.vApplicationGetIdleTaskMemory
                0x00000000080012d0       0x34 ./Core/Src/freertos.o
                0x00000000080012d0                vApplicationGetIdleTaskMemory
 .text.MX_FREERTOS_Init
                0x0000000008001304       0x38 ./Core/Src/freertos.o
                0x0000000008001304                MX_FREERTOS_Init
 .text.StartDefaultTask
                0x000000000800133c       0x10 ./Core/Src/freertos.o
                0x000000000800133c                StartDefaultTask
 .text.MX_GPIO_Init
                0x000000000800134c       0xbc ./Core/Src/gpio.o
                0x000000000800134c                MX_GPIO_Init
 .text.main     0x0000000008001408       0xb0 ./Core/Src/main.o
                0x0000000008001408                main
 .text.SystemClock_Config
                0x00000000080014b8       0xc0 ./Core/Src/main.o
                0x00000000080014b8                SystemClock_Config
 .text.HAL_TIM_PeriodElapsedCallback
                0x0000000008001578       0x24 ./Core/Src/main.o
                0x0000000008001578                HAL_TIM_PeriodElapsedCallback
 .text.Error_Handler
                0x000000000800159c        0xa ./Core/Src/main.o
                0x000000000800159c                Error_Handler
 *fill*         0x00000000080015a6        0x2 
 .text.sd_mount
                0x00000000080015a8       0x2c ./Core/Src/sd_card2.o
                0x00000000080015a8                sd_mount
 .text.sd_open_log_file
                0x00000000080015d4       0x2c ./Core/Src/sd_card2.o
                0x00000000080015d4                sd_open_log_file
 .text.sd_log_to_file
                0x0000000008001600       0x2c ./Core/Src/sd_card2.o
                0x0000000008001600                sd_log_to_file
 .text.sd_eject
                0x000000000800162c       0x38 ./Core/Src/sd_card2.o
                0x000000000800162c                sd_eject
 .text.MX_SPI1_Init
                0x0000000008001664       0x6c ./Core/Src/spi.o
                0x0000000008001664                MX_SPI1_Init
 .text.HAL_SPI_MspInit
                0x00000000080016d0       0x90 ./Core/Src/spi.o
                0x00000000080016d0                HAL_SPI_MspInit
 .text.HAL_MspInit
                0x0000000008001760       0x58 ./Core/Src/stm32f4xx_hal_msp.o
                0x0000000008001760                HAL_MspInit
 .text.HAL_InitTick
                0x00000000080017b8       0xe4 ./Core/Src/stm32f4xx_hal_timebase_tim.o
                0x00000000080017b8                HAL_InitTick
 .text.NMI_Handler
                0x000000000800189c        0x6 ./Core/Src/stm32f4xx_it.o
                0x000000000800189c                NMI_Handler
 .text.HardFault_Handler
                0x00000000080018a2        0x6 ./Core/Src/stm32f4xx_it.o
                0x00000000080018a2                HardFault_Handler
 .text.MemManage_Handler
                0x00000000080018a8        0x6 ./Core/Src/stm32f4xx_it.o
                0x00000000080018a8                MemManage_Handler
 .text.BusFault_Handler
                0x00000000080018ae        0x6 ./Core/Src/stm32f4xx_it.o
                0x00000000080018ae                BusFault_Handler
 .text.UsageFault_Handler
                0x00000000080018b4        0x6 ./Core/Src/stm32f4xx_it.o
                0x00000000080018b4                UsageFault_Handler
 .text.DebugMon_Handler
                0x00000000080018ba        0xe ./Core/Src/stm32f4xx_it.o
                0x00000000080018ba                DebugMon_Handler
 .text.TIM1_UP_TIM10_IRQHandler
                0x00000000080018c8       0x14 ./Core/Src/stm32f4xx_it.o
                0x00000000080018c8                TIM1_UP_TIM10_IRQHandler
 .text.TIM3_IRQHandler
                0x00000000080018dc       0x14 ./Core/Src/stm32f4xx_it.o
                0x00000000080018dc                TIM3_IRQHandler
 .text.TIM4_IRQHandler
                0x00000000080018f0       0x14 ./Core/Src/stm32f4xx_it.o
                0x00000000080018f0                TIM4_IRQHandler
 .text.TIM8_BRK_TIM12_IRQHandler
                0x0000000008001904       0x14 ./Core/Src/stm32f4xx_it.o
                0x0000000008001904                TIM8_BRK_TIM12_IRQHandler
 .text.DMA2_Stream0_IRQHandler
                0x0000000008001918       0x14 ./Core/Src/stm32f4xx_it.o
                0x0000000008001918                DMA2_Stream0_IRQHandler
 .text._getpid  0x000000000800192c       0x10 ./Core/Src/syscalls.o
                0x000000000800192c                _getpid
 .text._kill    0x000000000800193c       0x20 ./Core/Src/syscalls.o
                0x000000000800193c                _kill
 .text._exit    0x000000000800195c       0x14 ./Core/Src/syscalls.o
                0x000000000800195c                _exit
 .text._read    0x0000000008001970       0x3a ./Core/Src/syscalls.o
                0x0000000008001970                _read
 .text._write   0x00000000080019aa       0x38 ./Core/Src/syscalls.o
                0x00000000080019aa                _write
 .text._close   0x00000000080019e2       0x18 ./Core/Src/syscalls.o
                0x00000000080019e2                _close
 .text._fstat   0x00000000080019fa       0x20 ./Core/Src/syscalls.o
                0x00000000080019fa                _fstat
 .text._isatty  0x0000000008001a1a       0x16 ./Core/Src/syscalls.o
                0x0000000008001a1a                _isatty
 .text._lseek   0x0000000008001a30       0x1a ./Core/Src/syscalls.o
                0x0000000008001a30                _lseek
 *fill*         0x0000000008001a4a        0x2 
 .text._sbrk    0x0000000008001a4c       0x6c ./Core/Src/sysmem.o
                0x0000000008001a4c                _sbrk
 .text.SystemInit
                0x0000000008001ab8       0x24 ./Core/Src/system_stm32f4xx.o
                0x0000000008001ab8                SystemInit
 .text.MX_TIM3_Init
                0x0000000008001adc      0x100 ./Core/Src/tim.o
                0x0000000008001adc                MX_TIM3_Init
 .text.MX_TIM4_Init
                0x0000000008001bdc      0x100 ./Core/Src/tim.o
                0x0000000008001bdc                MX_TIM4_Init
 .text.MX_TIM12_Init
                0x0000000008001cdc       0xd8 ./Core/Src/tim.o
                0x0000000008001cdc                MX_TIM12_Init
 .text.HAL_TIM_IC_MspInit
                0x0000000008001db4      0x194 ./Core/Src/tim.o
                0x0000000008001db4                HAL_TIM_IC_MspInit
 .text.HAL_TIM_IC_CaptureCallback
                0x0000000008001f48       0x94 ./Core/Src/tim.o
                0x0000000008001f48                HAL_TIM_IC_CaptureCallback
 .text.MX_USART1_Init
                0x0000000008001fdc       0x58 ./Core/Src/usart.o
                0x0000000008001fdc                MX_USART1_Init
 .text.HAL_USART_MspInit
                0x0000000008002034       0x90 ./Core/Src/usart.o
                0x0000000008002034                HAL_USART_MspInit
 .text.Reset_Handler
                0x00000000080020c4       0x50 ./Core/Startup/startup_stm32f446retx.o
                0x00000000080020c4                Reset_Handler
 .text.Default_Handler
                0x0000000008002114        0x2 ./Core/Startup/startup_stm32f446retx.o
                0x0000000008002114                RTC_Alarm_IRQHandler
                0x0000000008002114                EXTI2_IRQHandler
                0x0000000008002114                TIM8_CC_IRQHandler
                0x0000000008002114                FMPI2C1_EV_IRQHandler
                0x0000000008002114                SPI4_IRQHandler
                0x0000000008002114                TIM1_CC_IRQHandler
                0x0000000008002114                DMA2_Stream5_IRQHandler
                0x0000000008002114                DMA1_Stream5_IRQHandler
                0x0000000008002114                PVD_IRQHandler
                0x0000000008002114                SDIO_IRQHandler
                0x0000000008002114                TAMP_STAMP_IRQHandler
                0x0000000008002114                CAN2_RX1_IRQHandler
                0x0000000008002114                EXTI3_IRQHandler
                0x0000000008002114                TIM8_TRG_COM_TIM14_IRQHandler
                0x0000000008002114                TIM8_UP_TIM13_IRQHandler
                0x0000000008002114                I2C3_ER_IRQHandler
                0x0000000008002114                EXTI0_IRQHandler
                0x0000000008002114                I2C2_EV_IRQHandler
                0x0000000008002114                DMA1_Stream2_IRQHandler
                0x0000000008002114                CAN1_RX0_IRQHandler
                0x0000000008002114                FPU_IRQHandler
                0x0000000008002114                OTG_HS_WKUP_IRQHandler
                0x0000000008002114                CAN2_SCE_IRQHandler
                0x0000000008002114                DMA2_Stream2_IRQHandler
                0x0000000008002114                SPI1_IRQHandler
                0x0000000008002114                TIM6_DAC_IRQHandler
                0x0000000008002114                TIM1_BRK_TIM9_IRQHandler
                0x0000000008002114                DCMI_IRQHandler
                0x0000000008002114                CAN2_RX0_IRQHandler
                0x0000000008002114                DMA2_Stream3_IRQHandler
                0x0000000008002114                SAI2_IRQHandler
                0x0000000008002114                USART6_IRQHandler
                0x0000000008002114                USART3_IRQHandler
                0x0000000008002114                CAN1_RX1_IRQHandler
                0x0000000008002114                UART5_IRQHandler
                0x0000000008002114                QUADSPI_IRQHandler
                0x0000000008002114                I2C1_EV_IRQHandler
                0x0000000008002114                DMA1_Stream6_IRQHandler
                0x0000000008002114                DMA1_Stream1_IRQHandler
                0x0000000008002114                UART4_IRQHandler
                0x0000000008002114                RCC_IRQHandler
                0x0000000008002114                Default_Handler
                0x0000000008002114                CEC_IRQHandler
                0x0000000008002114                EXTI15_10_IRQHandler
                0x0000000008002114                ADC_IRQHandler
                0x0000000008002114                DMA1_Stream7_IRQHandler
                0x0000000008002114                TIM7_IRQHandler
                0x0000000008002114                CAN2_TX_IRQHandler
                0x0000000008002114                TIM5_IRQHandler
                0x0000000008002114                DMA2_Stream7_IRQHandler
                0x0000000008002114                I2C3_EV_IRQHandler
                0x0000000008002114                EXTI9_5_IRQHandler
                0x0000000008002114                RTC_WKUP_IRQHandler
                0x0000000008002114                SPDIF_RX_IRQHandler
                0x0000000008002114                SPI2_IRQHandler
                0x0000000008002114                OTG_HS_EP1_IN_IRQHandler
                0x0000000008002114                DMA1_Stream0_IRQHandler
                0x0000000008002114                CAN1_TX_IRQHandler
                0x0000000008002114                FMPI2C1_ER_IRQHandler
                0x0000000008002114                EXTI4_IRQHandler
                0x0000000008002114                OTG_HS_EP1_OUT_IRQHandler
                0x0000000008002114                WWDG_IRQHandler
                0x0000000008002114                TIM2_IRQHandler
                0x0000000008002114                OTG_FS_WKUP_IRQHandler
                0x0000000008002114                TIM1_TRG_COM_TIM11_IRQHandler
                0x0000000008002114                OTG_HS_IRQHandler
                0x0000000008002114                EXTI1_IRQHandler
                0x0000000008002114                USART2_IRQHandler
                0x0000000008002114                I2C2_ER_IRQHandler
                0x0000000008002114                DMA2_Stream1_IRQHandler
                0x0000000008002114                CAN1_SCE_IRQHandler
                0x0000000008002114                FLASH_IRQHandler
                0x0000000008002114                DMA2_Stream4_IRQHandler
                0x0000000008002114                USART1_IRQHandler
                0x0000000008002114                OTG_FS_IRQHandler
                0x0000000008002114                SPI3_IRQHandler
                0x0000000008002114                DMA1_Stream4_IRQHandler
                0x0000000008002114                I2C1_ER_IRQHandler
                0x0000000008002114                FMC_IRQHandler
                0x0000000008002114                DMA2_Stream6_IRQHandler
                0x0000000008002114                SAI1_IRQHandler
                0x0000000008002114                DMA1_Stream3_IRQHandler
 *fill*         0x0000000008002116        0x2 
 .text.HAL_Init
                0x0000000008002118       0x44 ./Drivers/STM32F4xx_HAL_Driver/Src/stm32f4xx_hal.o
                0x0000000008002118                HAL_Init
 .text.HAL_IncTick
                0x000000000800215c       0x28 ./Drivers/STM32F4xx_HAL_Driver/Src/stm32f4xx_hal.o
                0x000000000800215c                HAL_IncTick
 .text.HAL_GetTick
                0x0000000008002184       0x18 ./Drivers/STM32F4xx_HAL_Driver/Src/stm32f4xx_hal.o
                0x0000000008002184                HAL_GetTick
 .text.HAL_ADC_Init
                0x000000000800219c       0x86 ./Drivers/STM32F4xx_HAL_Driver/Src/stm32f4xx_hal_adc.o
                0x000000000800219c                HAL_ADC_Init
 *fill*         0x0000000008002222        0x2 
 .text.HAL_ADC_ConfigChannel
                0x0000000008002224      0x264 ./Drivers/STM32F4xx_HAL_Driver/Src/stm32f4xx_hal_adc.o
                0x0000000008002224                HAL_ADC_ConfigChannel
 .text.ADC_Init
                0x0000000008002488      0x1f8 ./Drivers/STM32F4xx_HAL_Driver/Src/stm32f4xx_hal_adc.o
 .text.__NVIC_SetPriorityGrouping
                0x0000000008002680       0x48 ./Drivers/STM32F4xx_HAL_Driver/Src/stm32f4xx_hal_cortex.o
 .text.__NVIC_GetPriorityGrouping
                0x00000000080026c8       0x1c ./Drivers/STM32F4xx_HAL_Driver/Src/stm32f4xx_hal_cortex.o
 .text.__NVIC_EnableIRQ
                0x00000000080026e4       0x3c ./Drivers/STM32F4xx_HAL_Driver/Src/stm32f4xx_hal_cortex.o
 .text.__NVIC_SetPriority
                0x0000000008002720       0x54 ./Drivers/STM32F4xx_HAL_Driver/Src/stm32f4xx_hal_cortex.o
 .text.NVIC_EncodePriority
                0x0000000008002774       0x66 ./Drivers/STM32F4xx_HAL_Driver/Src/stm32f4xx_hal_cortex.o
 .text.HAL_NVIC_SetPriorityGrouping
                0x00000000080027da       0x16 ./Drivers/STM32F4xx_HAL_Driver/Src/stm32f4xx_hal_cortex.o
                0x00000000080027da                HAL_NVIC_SetPriorityGrouping
 .text.HAL_NVIC_SetPriority
                0x00000000080027f0       0x38 ./Drivers/STM32F4xx_HAL_Driver/Src/stm32f4xx_hal_cortex.o
                0x00000000080027f0                HAL_NVIC_SetPriority
 .text.HAL_NVIC_EnableIRQ
                0x0000000008002828       0x1c ./Drivers/STM32F4xx_HAL_Driver/Src/stm32f4xx_hal_cortex.o
                0x0000000008002828                HAL_NVIC_EnableIRQ
 .text.HAL_DMA_Init
                0x0000000008002844      0x15c ./Drivers/STM32F4xx_HAL_Driver/Src/stm32f4xx_hal_dma.o
                0x0000000008002844                HAL_DMA_Init
 .text.HAL_DMA_IRQHandler
                0x00000000080029a0      0x314 ./Drivers/STM32F4xx_HAL_Driver/Src/stm32f4xx_hal_dma.o
                0x00000000080029a0                HAL_DMA_IRQHandler
 .text.DMA_CalcBaseAndBitshift
                0x0000000008002cb4       0x6c ./Drivers/STM32F4xx_HAL_Driver/Src/stm32f4xx_hal_dma.o
 .text.DMA_CheckFifoParam
                0x0000000008002d20       0xf8 ./Drivers/STM32F4xx_HAL_Driver/Src/stm32f4xx_hal_dma.o
 .text.HAL_GPIO_Init
                0x0000000008002e18      0x328 ./Drivers/STM32F4xx_HAL_Driver/Src/stm32f4xx_hal_gpio.o
                0x0000000008002e18                HAL_GPIO_Init
 .text.HAL_GPIO_WritePin
                0x0000000008003140       0x32 ./Drivers/STM32F4xx_HAL_Driver/Src/stm32f4xx_hal_gpio.o
                0x0000000008003140                HAL_GPIO_WritePin
 *fill*         0x0000000008003172        0x2 
 .text.HAL_RCC_ClockConfig
                0x0000000008003174      0x1cc ./Drivers/STM32F4xx_HAL_Driver/Src/stm32f4xx_hal_rcc.o
                0x0000000008003174                HAL_RCC_ClockConfig
 .text.HAL_RCC_GetHCLKFreq
                0x0000000008003340       0x18 ./Drivers/STM32F4xx_HAL_Driver/Src/stm32f4xx_hal_rcc.o
                0x0000000008003340                HAL_RCC_GetHCLKFreq
 .text.HAL_RCC_GetPCLK1Freq
                0x0000000008003358       0x28 ./Drivers/STM32F4xx_HAL_Driver/Src/stm32f4xx_hal_rcc.o
                0x0000000008003358                HAL_RCC_GetPCLK1Freq
 .text.HAL_RCC_GetPCLK2Freq
                0x0000000008003380       0x28 ./Drivers/STM32F4xx_HAL_Driver/Src/stm32f4xx_hal_rcc.o
                0x0000000008003380                HAL_RCC_GetPCLK2Freq
 .text.HAL_RCC_GetClockConfig
                0x00000000080033a8       0x64 ./Drivers/STM32F4xx_HAL_Driver/Src/stm32f4xx_hal_rcc.o
                0x00000000080033a8                HAL_RCC_GetClockConfig
 .text.HAL_RCC_GetSysClockFreq
                0x000000000800340c      0x354 ./Drivers/STM32F4xx_HAL_Driver/Src/stm32f4xx_hal_rcc_ex.o
                0x000000000800340c                HAL_RCC_GetSysClockFreq
 .text.HAL_RCC_OscConfig
                0x0000000008003760      0x53c ./Drivers/STM32F4xx_HAL_Driver/Src/stm32f4xx_hal_rcc_ex.o
                0x0000000008003760                HAL_RCC_OscConfig
 .text.HAL_SPI_Init
                0x0000000008003c9c      0x112 ./Drivers/STM32F4xx_HAL_Driver/Src/stm32f4xx_hal_spi.o
                0x0000000008003c9c                HAL_SPI_Init
 .text.HAL_SPI_Transmit
                0x0000000008003dae      0x278 ./Drivers/STM32F4xx_HAL_Driver/Src/stm32f4xx_hal_spi.o
                0x0000000008003dae                HAL_SPI_Transmit
 .text.HAL_SPI_TransmitReceive
                0x0000000008004026      0x344 ./Drivers/STM32F4xx_HAL_Driver/Src/stm32f4xx_hal_spi.o
                0x0000000008004026                HAL_SPI_TransmitReceive
 *fill*         0x000000000800436a        0x2 
 .text.SPI_WaitFlagStateUntilTimeout
                0x000000000800436c      0x110 ./Drivers/STM32F4xx_HAL_Driver/Src/stm32f4xx_hal_spi.o
 .text.SPI_EndRxTxTransaction
                0x000000000800447c       0x84 ./Drivers/STM32F4xx_HAL_Driver/Src/stm32f4xx_hal_spi.o
 .text.HAL_TIM_Base_Init
                0x0000000008004500       0x9e ./Drivers/STM32F4xx_HAL_Driver/Src/stm32f4xx_hal_tim.o
                0x0000000008004500                HAL_TIM_Base_Init
 .text.HAL_TIM_Base_MspInit
                0x000000000800459e       0x14 ./Drivers/STM32F4xx_HAL_Driver/Src/stm32f4xx_hal_tim.o
                0x000000000800459e                HAL_TIM_Base_MspInit
 *fill*         0x00000000080045b2        0x2 
 .text.HAL_TIM_Base_Start_IT
                0x00000000080045b4       0xe0 ./Drivers/STM32F4xx_HAL_Driver/Src/stm32f4xx_hal_tim.o
                0x00000000080045b4                HAL_TIM_Base_Start_IT
 .text.HAL_TIM_IC_Init
                0x0000000008004694       0x9e ./Drivers/STM32F4xx_HAL_Driver/Src/stm32f4xx_hal_tim.o
                0x0000000008004694                HAL_TIM_IC_Init
 *fill*         0x0000000008004732        0x2 
 .text.HAL_TIM_IC_Start_IT
                0x0000000008004734      0x250 ./Drivers/STM32F4xx_HAL_Driver/Src/stm32f4xx_hal_tim.o
                0x0000000008004734                HAL_TIM_IC_Start_IT
 .text.HAL_TIM_IRQHandler
                0x0000000008004984      0x210 ./Drivers/STM32F4xx_HAL_Driver/Src/stm32f4xx_hal_tim.o
                0x0000000008004984                HAL_TIM_IRQHandler
 .text.HAL_TIM_IC_ConfigChannel
                0x0000000008004b94      0x138 ./Drivers/STM32F4xx_HAL_Driver/Src/stm32f4xx_hal_tim.o
                0x0000000008004b94                HAL_TIM_IC_ConfigChannel
 .text.HAL_TIM_SlaveConfigSynchro
                0x0000000008004ccc       0x84 ./Drivers/STM32F4xx_HAL_Driver/Src/stm32f4xx_hal_tim.o
                0x0000000008004ccc                HAL_TIM_SlaveConfigSynchro
 .text.HAL_TIM_ReadCapturedValue
                0x0000000008004d50       0x88 ./Drivers/STM32F4xx_HAL_Driver/Src/stm32f4xx_hal_tim.o
                0x0000000008004d50                HAL_TIM_ReadCapturedValue
 .text.HAL_TIM_OC_DelayElapsedCallback
                0x0000000008004dd8       0x14 ./Drivers/STM32F4xx_HAL_Driver/Src/stm32f4xx_hal_tim.o
                0x0000000008004dd8                HAL_TIM_OC_DelayElapsedCallback
 .text.HAL_TIM_PWM_PulseFinishedCallback
                0x0000000008004dec       0x14 ./Drivers/STM32F4xx_HAL_Driver/Src/stm32f4xx_hal_tim.o
                0x0000000008004dec                HAL_TIM_PWM_PulseFinishedCallback
 .text.HAL_TIM_TriggerCallback
                0x0000000008004e00       0x14 ./Drivers/STM32F4xx_HAL_Driver/Src/stm32f4xx_hal_tim.o
                0x0000000008004e00                HAL_TIM_TriggerCallback
 .text.TIM_Base_SetConfig
                0x0000000008004e14      0x140 ./Drivers/STM32F4xx_HAL_Driver/Src/stm32f4xx_hal_tim.o
                0x0000000008004e14                TIM_Base_SetConfig
 .text.TIM_SlaveTimer_SetConfig
                0x0000000008004f54      0x122 ./Drivers/STM32F4xx_HAL_Driver/Src/stm32f4xx_hal_tim.o
 *fill*         0x0000000008005076        0x2 
 .text.TIM_TI1_SetConfig
                0x0000000008005078       0xe8 ./Drivers/STM32F4xx_HAL_Driver/Src/stm32f4xx_hal_tim.o
                0x0000000008005078                TIM_TI1_SetConfig
 .text.TIM_TI1_ConfigInputStage
                0x0000000008005160       0x5e ./Drivers/STM32F4xx_HAL_Driver/Src/stm32f4xx_hal_tim.o
 .text.TIM_TI2_SetConfig
                0x00000000080051be       0x7a ./Drivers/STM32F4xx_HAL_Driver/Src/stm32f4xx_hal_tim.o
 .text.TIM_TI2_ConfigInputStage
                0x0000000008005238       0x60 ./Drivers/STM32F4xx_HAL_Driver/Src/stm32f4xx_hal_tim.o
 .text.TIM_TI3_SetConfig
                0x0000000008005298       0x78 ./Drivers/STM32F4xx_HAL_Driver/Src/stm32f4xx_hal_tim.o
 .text.TIM_TI4_SetConfig
                0x0000000008005310       0x7a ./Drivers/STM32F4xx_HAL_Driver/Src/stm32f4xx_hal_tim.o
 .text.TIM_ETR_SetConfig
                0x000000000800538a       0x40 ./Drivers/STM32F4xx_HAL_Driver/Src/stm32f4xx_hal_tim.o
                0x000000000800538a                TIM_ETR_SetConfig
 .text.TIM_CCxChannelCmd
                0x00000000080053ca       0x4a ./Drivers/STM32F4xx_HAL_Driver/Src/stm32f4xx_hal_tim.o
                0x00000000080053ca                TIM_CCxChannelCmd
 .text.HAL_TIMEx_MasterConfigSynchronization
                0x0000000008005414       0xf8 ./Drivers/STM32F4xx_HAL_Driver/Src/stm32f4xx_hal_tim_ex.o
                0x0000000008005414                HAL_TIMEx_MasterConfigSynchronization
 .text.HAL_TIMEx_CommutCallback
                0x000000000800550c       0x14 ./Drivers/STM32F4xx_HAL_Driver/Src/stm32f4xx_hal_tim_ex.o
                0x000000000800550c                HAL_TIMEx_CommutCallback
 .text.HAL_TIMEx_BreakCallback
                0x0000000008005520       0x14 ./Drivers/STM32F4xx_HAL_Driver/Src/stm32f4xx_hal_tim_ex.o
                0x0000000008005520                HAL_TIMEx_BreakCallback
 .text.HAL_USART_Init
                0x0000000008005534       0x82 ./Drivers/STM32F4xx_HAL_Driver/Src/stm32f4xx_hal_usart.o
                0x0000000008005534                HAL_USART_Init
 *fill*         0x00000000080055b6        0x2 
 .text.USART_SetConfig
                0x00000000080055b8      0x530 ./Drivers/STM32F4xx_HAL_Driver/Src/stm32f4xx_hal_usart.o
 .text.MX_FATFS_Init
                0x0000000008005ae8       0x24 ./FATFS/App/fatfs.o
                0x0000000008005ae8                MX_FATFS_Init
 .text.get_fattime
                0x0000000008005b0c       0x10 ./FATFS/App/fatfs.o
                0x0000000008005b0c                get_fattime
 .text.USER_initialize
                0x0000000008005b1c       0x1c ./FATFS/Target/user_diskio.o
                0x0000000008005b1c                USER_initialize
 .text.USER_status
                0x0000000008005b38       0x1c ./FATFS/Target/user_diskio.o
                0x0000000008005b38                USER_status
 .text.USER_read
                0x0000000008005b54       0x26 ./FATFS/Target/user_diskio.o
                0x0000000008005b54                USER_read
 .text.USER_write
                0x0000000008005b7a       0x26 ./FATFS/Target/user_diskio.o
                0x0000000008005b7a                USER_write
 .text.USER_ioctl
                0x0000000008005ba0       0x26 ./FATFS/Target/user_diskio.o
                0x0000000008005ba0                USER_ioctl
 *fill*         0x0000000008005bc6        0x2 
 .text.SPI_Timer_On
                0x0000000008005bc8       0x28 ./FATFS/Target/user_diskio_spi.o
                0x0000000008005bc8                SPI_Timer_On
 .text.SPI_Timer_Status
                0x0000000008005bf0       0x2c ./FATFS/Target/user_diskio_spi.o
                0x0000000008005bf0                SPI_Timer_Status
 .text.xchg_spi
                0x0000000008005c1c       0x2c ./FATFS/Target/user_diskio_spi.o
 .text.rcvr_spi_multi
                0x0000000008005c48       0x38 ./FATFS/Target/user_diskio_spi.o
 .text.xmit_spi_multi
                0x0000000008005c80       0x28 ./FATFS/Target/user_diskio_spi.o
 .text.wait_ready
                0x0000000008005ca8       0x46 ./FATFS/Target/user_diskio_spi.o
 *fill*         0x0000000008005cee        0x2 
 .text.despiselect
                0x0000000008005cf0       0x20 ./FATFS/Target/user_diskio_spi.o
 .text.spiselect
                0x0000000008005d10       0x38 ./FATFS/Target/user_diskio_spi.o
 .text.rcvr_datablock
                0x0000000008005d48       0x52 ./FATFS/Target/user_diskio_spi.o
 .text.xmit_datablock
                0x0000000008005d9a       0x64 ./FATFS/Target/user_diskio_spi.o
 .text.send_cmd
                0x0000000008005dfe       0xde ./FATFS/Target/user_diskio_spi.o
 .text.USER_SPI_initialize
                0x0000000008005edc      0x1d8 ./FATFS/Target/user_diskio_spi.o
                0x0000000008005edc                USER_SPI_initialize
 .text.USER_SPI_status
                0x00000000080060b4       0x2c ./FATFS/Target/user_diskio_spi.o
                0x00000000080060b4                USER_SPI_status
 .text.USER_SPI_read
                0x00000000080060e0       0xcc ./FATFS/Target/user_diskio_spi.o
                0x00000000080060e0                USER_SPI_read
 .text.USER_SPI_write
                0x00000000080061ac       0xf8 ./FATFS/Target/user_diskio_spi.o
                0x00000000080061ac                USER_SPI_write
 .text.USER_SPI_ioctl
                0x00000000080062a4      0x2e0 ./FATFS/Target/user_diskio_spi.o
                0x00000000080062a4                USER_SPI_ioctl
 .text.disk_status
                0x0000000008006584       0x34 ./Middlewares/Third_Party/FatFs/src/diskio.o
                0x0000000008006584                disk_status
 .text.disk_initialize
                0x00000000080065b8       0x4c ./Middlewares/Third_Party/FatFs/src/diskio.o
                0x00000000080065b8                disk_initialize
 .text.disk_read
                0x0000000008006604       0x40 ./Middlewares/Third_Party/FatFs/src/diskio.o
                0x0000000008006604                disk_read
 .text.disk_write
                0x0000000008006644       0x40 ./Middlewares/Third_Party/FatFs/src/diskio.o
                0x0000000008006644                disk_write
 .text.disk_ioctl
                0x0000000008006684       0x3c ./Middlewares/Third_Party/FatFs/src/diskio.o
                0x0000000008006684                disk_ioctl
 .text.ld_word  0x00000000080066c0       0x30 ./Middlewares/Third_Party/FatFs/src/ff.o
 .text.ld_dword
                0x00000000080066f0       0x46 ./Middlewares/Third_Party/FatFs/src/ff.o
 .text.st_word  0x0000000008006736       0x36 ./Middlewares/Third_Party/FatFs/src/ff.o
 .text.st_dword
                0x000000000800676c       0x58 ./Middlewares/Third_Party/FatFs/src/ff.o
 .text.mem_cpy  0x00000000080067c4       0x42 ./Middlewares/Third_Party/FatFs/src/ff.o
 .text.mem_set  0x0000000008006806       0x36 ./Middlewares/Third_Party/FatFs/src/ff.o
 .text.mem_cmp  0x000000000800683c       0x4e ./Middlewares/Third_Party/FatFs/src/ff.o
 .text.chk_chr  0x000000000800688a       0x36 ./Middlewares/Third_Party/FatFs/src/ff.o
 .text.lock_fs  0x00000000080068c0       0x2c ./Middlewares/Third_Party/FatFs/src/ff.o
 .text.unlock_fs
                0x00000000080068ec       0x36 ./Middlewares/Third_Party/FatFs/src/ff.o
 *fill*         0x0000000008006922        0x2 
 .text.chk_lock
                0x0000000008006924       0xb8 ./Middlewares/Third_Party/FatFs/src/ff.o
 .text.enq_lock
                0x00000000080069dc       0x44 ./Middlewares/Third_Party/FatFs/src/ff.o
 .text.inc_lock
                0x0000000008006a20      0x11c ./Middlewares/Third_Party/FatFs/src/ff.o
 .text.dec_lock
                0x0000000008006b3c       0x78 ./Middlewares/Third_Party/FatFs/src/ff.o
 .text.clear_lock
                0x0000000008006bb4       0x48 ./Middlewares/Third_Party/FatFs/src/ff.o
 .text.sync_window
                0x0000000008006bfc       0x88 ./Middlewares/Third_Party/FatFs/src/ff.o
 .text.move_window
                0x0000000008006c84       0x5a ./Middlewares/Third_Party/FatFs/src/ff.o
 *fill*         0x0000000008006cde        0x2 
 .text.sync_fs  0x0000000008006ce0       0xdc ./Middlewares/Third_Party/FatFs/src/ff.o
 .text.clust2sect
                0x0000000008006dbc       0x3e ./Middlewares/Third_Party/FatFs/src/ff.o
 .text.get_fat  0x0000000008006dfa      0x150 ./Middlewares/Third_Party/FatFs/src/ff.o
 .text.put_fat  0x0000000008006f4a      0x1d4 ./Middlewares/Third_Party/FatFs/src/ff.o
 .text.remove_chain
                0x000000000800711e       0xca ./Middlewares/Third_Party/FatFs/src/ff.o
 .text.create_chain
                0x00000000080071e8      0x130 ./Middlewares/Third_Party/FatFs/src/ff.o
 .text.clmt_clust
                0x0000000008007318       0x68 ./Middlewares/Third_Party/FatFs/src/ff.o
 .text.dir_sdi  0x0000000008007380       0xf6 ./Middlewares/Third_Party/FatFs/src/ff.o
 .text.dir_next
                0x0000000008007476      0x18a ./Middlewares/Third_Party/FatFs/src/ff.o
 .text.dir_alloc
                0x0000000008007600       0x8e ./Middlewares/Third_Party/FatFs/src/ff.o
 .text.ld_clust
                0x000000000800768e       0x3e ./Middlewares/Third_Party/FatFs/src/ff.o
 .text.st_clust
                0x00000000080076cc       0x40 ./Middlewares/Third_Party/FatFs/src/ff.o
 .text.dir_find
                0x000000000800770c       0xaa ./Middlewares/Third_Party/FatFs/src/ff.o
 .text.dir_register
                0x00000000080077b6       0x64 ./Middlewares/Third_Party/FatFs/src/ff.o
 *fill*         0x000000000800781a        0x2 
 .text.create_name
                0x000000000800781c      0x128 ./Middlewares/Third_Party/FatFs/src/ff.o
 .text.follow_path
                0x0000000008007944       0xe2 ./Middlewares/Third_Party/FatFs/src/ff.o
 .text.get_ldnumber
                0x0000000008007a26       0x88 ./Middlewares/Third_Party/FatFs/src/ff.o
 *fill*         0x0000000008007aae        0x2 
 .text.check_fs
                0x0000000008007ab0       0xac ./Middlewares/Third_Party/FatFs/src/ff.o
 .text.find_volume
                0x0000000008007b5c      0x4a8 ./Middlewares/Third_Party/FatFs/src/ff.o
 .text.validate
                0x0000000008008004       0x8e ./Middlewares/Third_Party/FatFs/src/ff.o
 *fill*         0x0000000008008092        0x2 
 .text.f_mount  0x0000000008008094       0xc8 ./Middlewares/Third_Party/FatFs/src/ff.o
                0x0000000008008094                f_mount
 .text.f_open   0x000000000800815c      0x38a ./Middlewares/Third_Party/FatFs/src/ff.o
                0x000000000800815c                f_open
 .text.f_write  0x00000000080084e6      0x348 ./Middlewares/Third_Party/FatFs/src/ff.o
                0x00000000080084e6                f_write
 .text.f_sync   0x000000000800882e      0x112 ./Middlewares/Third_Party/FatFs/src/ff.o
                0x000000000800882e                f_sync
 .text.f_close  0x0000000008008940       0x5e ./Middlewares/Third_Party/FatFs/src/ff.o
                0x0000000008008940                f_close
 *fill*         0x000000000800899e        0x2 
 .text.FATFS_LinkDriverEx
                0x00000000080089a0       0x98 ./Middlewares/Third_Party/FatFs/src/ff_gen_drv.o
                0x00000000080089a0                FATFS_LinkDriverEx
 .text.FATFS_LinkDriver
                0x0000000008008a38       0x1e ./Middlewares/Third_Party/FatFs/src/ff_gen_drv.o
                0x0000000008008a38                FATFS_LinkDriver
 .text.ff_cre_syncobj
                0x0000000008008a56       0x40 ./Middlewares/Third_Party/FatFs/src/option/syscall.o
                0x0000000008008a56                ff_cre_syncobj
 .text.ff_del_syncobj
                0x0000000008008a96       0x18 ./Middlewares/Third_Party/FatFs/src/option/syscall.o
                0x0000000008008a96                ff_del_syncobj
 .text.ff_req_grant
                0x0000000008008aae       0x2a ./Middlewares/Third_Party/FatFs/src/option/syscall.o
                0x0000000008008aae                ff_req_grant
 .text.ff_rel_grant
                0x0000000008008ad8       0x16 ./Middlewares/Third_Party/FatFs/src/option/syscall.o
                0x0000000008008ad8                ff_rel_grant
 .text.makeFreeRtosPriority
                0x0000000008008aee       0x30 ./Middlewares/Third_Party/FreeRTOS/Source/CMSIS_RTOS/cmsis_os.o
 .text.inHandlerMode
                0x0000000008008b1e       0x24 ./Middlewares/Third_Party/FreeRTOS/Source/CMSIS_RTOS/cmsis_os.o
 .text.osKernelStart
                0x0000000008008b42        0xe ./Middlewares/Third_Party/FreeRTOS/Source/CMSIS_RTOS/cmsis_os.o
                0x0000000008008b42                osKernelStart
 .text.osThreadCreate
                0x0000000008008b50       0x98 ./Middlewares/Third_Party/FreeRTOS/Source/CMSIS_RTOS/cmsis_os.o
                0x0000000008008b50                osThreadCreate
 .text.osDelay  0x0000000008008be8       0x28 ./Middlewares/Third_Party/FreeRTOS/Source/CMSIS_RTOS/cmsis_os.o
                0x0000000008008be8                osDelay
 .text.osSemaphoreCreate
                0x0000000008008c10       0x64 ./Middlewares/Third_Party/FreeRTOS/Source/CMSIS_RTOS/cmsis_os.o
                0x0000000008008c10                osSemaphoreCreate
 .text.osSemaphoreWait
                0x0000000008008c74       0x9c ./Middlewares/Third_Party/FreeRTOS/Source/CMSIS_RTOS/cmsis_os.o
                0x0000000008008c74                osSemaphoreWait
 .text.osSemaphoreRelease
                0x0000000008008d10       0x6c ./Middlewares/Third_Party/FreeRTOS/Source/CMSIS_RTOS/cmsis_os.o
                0x0000000008008d10                osSemaphoreRelease
 .text.osSemaphoreDelete
                0x0000000008008d7c       0x26 ./Middlewares/Third_Party/FreeRTOS/Source/CMSIS_RTOS/cmsis_os.o
                0x0000000008008d7c                osSemaphoreDelete
 .text.vListInitialise
                0x0000000008008da2       0x40 ./Middlewares/Third_Party/FreeRTOS/Source/list.o
                0x0000000008008da2                vListInitialise
 .text.vListInitialiseItem
                0x0000000008008de2       0x1a ./Middlewares/Third_Party/FreeRTOS/Source/list.o
                0x0000000008008de2                vListInitialiseItem
 .text.vListInsertEnd
                0x0000000008008dfc       0x48 ./Middlewares/Third_Party/FreeRTOS/Source/list.o
                0x0000000008008dfc                vListInsertEnd
 .text.vListInsert
                0x0000000008008e44       0x72 ./Middlewares/Third_Party/FreeRTOS/Source/list.o
                0x0000000008008e44                vListInsert
 .text.uxListRemove
                0x0000000008008eb6       0x54 ./Middlewares/Third_Party/FreeRTOS/Source/list.o
                0x0000000008008eb6                uxListRemove
 *fill*         0x0000000008008f0a        0x2 
 .text.xQueueGenericReset
                0x0000000008008f0c       0xd0 ./Middlewares/Third_Party/FreeRTOS/Source/queue.o
                0x0000000008008f0c                xQueueGenericReset
 .text.xQueueGenericCreateStatic
                0x0000000008008fdc       0xf0 ./Middlewares/Third_Party/FreeRTOS/Source/queue.o
                0x0000000008008fdc                xQueueGenericCreateStatic
 .text.xQueueGenericCreate
                0x00000000080090cc       0x74 ./Middlewares/Third_Party/FreeRTOS/Source/queue.o
                0x00000000080090cc                xQueueGenericCreate
 .text.prvInitialiseNewQueue
                0x0000000008009140       0x3e ./Middlewares/Third_Party/FreeRTOS/Source/queue.o
 *fill*         0x000000000800917e        0x2 
 .text.xQueueGenericSend
                0x0000000008009180      0x1fc ./Middlewares/Third_Party/FreeRTOS/Source/queue.o
                0x0000000008009180                xQueueGenericSend
 .text.xQueueGiveFromISR
                0x000000000800937c      0x11a ./Middlewares/Third_Party/FreeRTOS/Source/queue.o
                0x000000000800937c                xQueueGiveFromISR
 *fill*         0x0000000008009496        0x2 
 .text.xQueueSemaphoreTake
                0x0000000008009498      0x218 ./Middlewares/Third_Party/FreeRTOS/Source/queue.o
                0x0000000008009498                xQueueSemaphoreTake
 .text.xQueueReceiveFromISR
                0x00000000080096b0      0x100 ./Middlewares/Third_Party/FreeRTOS/Source/queue.o
                0x00000000080096b0                xQueueReceiveFromISR
 .text.vQueueDelete
                0x00000000080097b0       0x46 ./Middlewares/Third_Party/FreeRTOS/Source/queue.o
                0x00000000080097b0                vQueueDelete
 .text.prvGetDisinheritPriorityAfterTimeout
                0x00000000080097f6       0x30 ./Middlewares/Third_Party/FreeRTOS/Source/queue.o
 .text.prvCopyDataToQueue
                0x0000000008009826       0xd4 ./Middlewares/Third_Party/FreeRTOS/Source/queue.o
 .text.prvCopyDataFromQueue
                0x00000000080098fa       0x4c ./Middlewares/Third_Party/FreeRTOS/Source/queue.o
 .text.prvUnlockQueue
                0x0000000008009946       0xa4 ./Middlewares/Third_Party/FreeRTOS/Source/queue.o
 .text.prvIsQueueEmpty
                0x00000000080099ea       0x2c ./Middlewares/Third_Party/FreeRTOS/Source/queue.o
 .text.prvIsQueueFull
                0x0000000008009a16       0x30 ./Middlewares/Third_Party/FreeRTOS/Source/queue.o
 *fill*         0x0000000008009a46        0x2 
 .text.vQueueUnregisterQueue
                0x0000000008009a48       0x54 ./Middlewares/Third_Party/FreeRTOS/Source/queue.o
                0x0000000008009a48                vQueueUnregisterQueue
 .text.xTaskCreateStatic
                0x0000000008009a9c       0xba ./Middlewares/Third_Party/FreeRTOS/Source/tasks.o
                0x0000000008009a9c                xTaskCreateStatic
 .text.xTaskCreate
                0x0000000008009b56       0x8a ./Middlewares/Third_Party/FreeRTOS/Source/tasks.o
                0x0000000008009b56                xTaskCreate
 .text.prvInitialiseNewTask
                0x0000000008009be0      0x13c ./Middlewares/Third_Party/FreeRTOS/Source/tasks.o
 .text.prvAddNewTaskToReadyList
                0x0000000008009d1c       0xd4 ./Middlewares/Third_Party/FreeRTOS/Source/tasks.o
 .text.vTaskDelay
                0x0000000008009df0       0x68 ./Middlewares/Third_Party/FreeRTOS/Source/tasks.o
                0x0000000008009df0                vTaskDelay
 .text.vTaskStartScheduler
                0x0000000008009e58       0xd4 ./Middlewares/Third_Party/FreeRTOS/Source/tasks.o
                0x0000000008009e58                vTaskStartScheduler
 .text.vTaskSuspendAll
                0x0000000008009f2c       0x1c ./Middlewares/Third_Party/FreeRTOS/Source/tasks.o
                0x0000000008009f2c                vTaskSuspendAll
 .text.xTaskResumeAll
                0x0000000008009f48      0x138 ./Middlewares/Third_Party/FreeRTOS/Source/tasks.o
                0x0000000008009f48                xTaskResumeAll
 .text.xTaskIncrementTick
                0x000000000800a080      0x170 ./Middlewares/Third_Party/FreeRTOS/Source/tasks.o
                0x000000000800a080                xTaskIncrementTick
 .text.vTaskSwitchContext
                0x000000000800a1f0       0xc4 ./Middlewares/Third_Party/FreeRTOS/Source/tasks.o
                0x000000000800a1f0                vTaskSwitchContext
 .text.vTaskPlaceOnEventList
                0x000000000800a2b4       0x48 ./Middlewares/Third_Party/FreeRTOS/Source/tasks.o
                0x000000000800a2b4                vTaskPlaceOnEventList
 .text.xTaskRemoveFromEventList
                0x000000000800a2fc       0xc4 ./Middlewares/Third_Party/FreeRTOS/Source/tasks.o
                0x000000000800a2fc                xTaskRemoveFromEventList
 .text.vTaskInternalSetTimeOutState
                0x000000000800a3c0       0x2c ./Middlewares/Third_Party/FreeRTOS/Source/tasks.o
                0x000000000800a3c0                vTaskInternalSetTimeOutState
 .text.xTaskCheckForTimeOut
                0x000000000800a3ec       0xc4 ./Middlewares/Third_Party/FreeRTOS/Source/tasks.o
                0x000000000800a3ec                xTaskCheckForTimeOut
 .text.vTaskMissedYield
                0x000000000800a4b0       0x18 ./Middlewares/Third_Party/FreeRTOS/Source/tasks.o
                0x000000000800a4b0                vTaskMissedYield
 .text.prvIdleTask
                0x000000000800a4c8       0x30 ./Middlewares/Third_Party/FreeRTOS/Source/tasks.o
 .text.prvInitialiseTaskLists
                0x000000000800a4f8       0x80 ./Middlewares/Third_Party/FreeRTOS/Source/tasks.o
 .text.prvCheckTasksWaitingTermination
                0x000000000800a578       0x5c ./Middlewares/Third_Party/FreeRTOS/Source/tasks.o
 .text.prvDeleteTCB
                0x000000000800a5d4       0x68 ./Middlewares/Third_Party/FreeRTOS/Source/tasks.o
 .text.prvResetNextTaskUnblockTime
                0x000000000800a63c       0x40 ./Middlewares/Third_Party/FreeRTOS/Source/tasks.o
 .text.xTaskGetSchedulerState
                0x000000000800a67c       0x3c ./Middlewares/Third_Party/FreeRTOS/Source/tasks.o
                0x000000000800a67c                xTaskGetSchedulerState
 .text.xTaskPriorityInherit
                0x000000000800a6b8       0xec ./Middlewares/Third_Party/FreeRTOS/Source/tasks.o
                0x000000000800a6b8                xTaskPriorityInherit
 .text.xTaskPriorityDisinherit
                0x000000000800a7a4      0x10c ./Middlewares/Third_Party/FreeRTOS/Source/tasks.o
                0x000000000800a7a4                xTaskPriorityDisinherit
 .text.vTaskPriorityDisinheritAfterTimeout
                0x000000000800a8b0      0x11c ./Middlewares/Third_Party/FreeRTOS/Source/tasks.o
                0x000000000800a8b0                vTaskPriorityDisinheritAfterTimeout
 .text.pvTaskIncrementMutexHeldCount
                0x000000000800a9cc       0x28 ./Middlewares/Third_Party/FreeRTOS/Source/tasks.o
                0x000000000800a9cc                pvTaskIncrementMutexHeldCount
 .text.prvAddCurrentTaskToDelayedList
                0x000000000800a9f4       0xcc ./Middlewares/Third_Party/FreeRTOS/Source/tasks.o
 .text.pxPortInitialiseStack
                0x000000000800aac0       0x68 ./Middlewares/Third_Party/FreeRTOS/Source/portable/GCC/ARM_CM4F/port.o
                0x000000000800aac0                pxPortInitialiseStack
 .text.prvTaskExitError
                0x000000000800ab28       0x58 ./Middlewares/Third_Party/FreeRTOS/Source/portable/GCC/ARM_CM4F/port.o
 .text.SVC_Handler
                0x000000000800ab80       0x28 ./Middlewares/Third_Party/FreeRTOS/Source/portable/GCC/ARM_CM4F/port.o
                0x000000000800ab80                SVC_Handler
 .text.prvPortStartFirstTask
                0x000000000800aba8       0x28 ./Middlewares/Third_Party/FreeRTOS/Source/portable/GCC/ARM_CM4F/port.o
 .text.xPortStartScheduler
                0x000000000800abd0      0x144 ./Middlewares/Third_Party/FreeRTOS/Source/portable/GCC/ARM_CM4F/port.o
                0x000000000800abd0                xPortStartScheduler
 .text.vPortEnterCritical
                0x000000000800ad14       0x60 ./Middlewares/Third_Party/FreeRTOS/Source/portable/GCC/ARM_CM4F/port.o
                0x000000000800ad14                vPortEnterCritical
 .text.vPortExitCritical
                0x000000000800ad74       0x54 ./Middlewares/Third_Party/FreeRTOS/Source/portable/GCC/ARM_CM4F/port.o
                0x000000000800ad74                vPortExitCritical
 *fill*         0x000000000800adc8        0x8 
 .text.PendSV_Handler
                0x000000000800add0       0x68 ./Middlewares/Third_Party/FreeRTOS/Source/portable/GCC/ARM_CM4F/port.o
                0x000000000800add0                PendSV_Handler
 .text.SysTick_Handler
                0x000000000800ae38       0x44 ./Middlewares/Third_Party/FreeRTOS/Source/portable/GCC/ARM_CM4F/port.o
                0x000000000800ae38                SysTick_Handler
 .text.vPortSetupTimerInterrupt
                0x000000000800ae7c       0x48 ./Middlewares/Third_Party/FreeRTOS/Source/portable/GCC/ARM_CM4F/port.o
                0x000000000800ae7c                vPortSetupTimerInterrupt
 .text.vPortEnableVFP
                0x000000000800aec4       0x14 ./Middlewares/Third_Party/FreeRTOS/Source/portable/GCC/ARM_CM4F/port.o
 .text.vPortValidateInterruptPriority
                0x000000000800aed8       0x80 ./Middlewares/Third_Party/FreeRTOS/Source/portable/GCC/ARM_CM4F/port.o
                0x000000000800aed8                vPortValidateInterruptPriority
 .text.pvPortMalloc
                0x000000000800af58      0x198 ./Middlewares/Third_Party/FreeRTOS/Source/portable/MemMang/heap_4.o
                0x000000000800af58                pvPortMalloc
 .text.vPortFree
                0x000000000800b0f0       0xc4 ./Middlewares/Third_Party/FreeRTOS/Source/portable/MemMang/heap_4.o
                0x000000000800b0f0                vPortFree
 .text.prvHeapInit
                0x000000000800b1b4       0xc4 ./Middlewares/Third_Party/FreeRTOS/Source/portable/MemMang/heap_4.o
 .text.prvInsertBlockIntoFreeList
                0x000000000800b278       0xb4 ./Middlewares/Third_Party/FreeRTOS/Source/portable/MemMang/heap_4.o
 .text.__cvt    0x000000000800b32c       0xc4 /opt/st/stm32cubeide_1.14.0/plugins/com.st.stm32cube.ide.mcu.externaltools.gnu-tools-for-stm32.11.3.rel1.linux64_1.1.100.202309141235/tools/bin/../lib/gcc/arm-none-eabi/11.3.1/../../../../arm-none-eabi/lib/thumb/v7e-m+fp/hard/libc_nano.a(libc_a-nano-vfprintf_float.o)
                0x000000000800b32c                __cvt
 .text.__exponent
                0x000000000800b3f0       0x7c /opt/st/stm32cubeide_1.14.0/plugins/com.st.stm32cube.ide.mcu.externaltools.gnu-tools-for-stm32.11.3.rel1.linux64_1.1.100.202309141235/tools/bin/../lib/gcc/arm-none-eabi/11.3.1/../../../../arm-none-eabi/lib/thumb/v7e-m+fp/hard/libc_nano.a(libc_a-nano-vfprintf_float.o)
                0x000000000800b3f0                __exponent
 .text._printf_float
                0x000000000800b46c      0x46c /opt/st/stm32cubeide_1.14.0/plugins/com.st.stm32cube.ide.mcu.externaltools.gnu-tools-for-stm32.11.3.rel1.linux64_1.1.100.202309141235/tools/bin/../lib/gcc/arm-none-eabi/11.3.1/../../../../arm-none-eabi/lib/thumb/v7e-m+fp/hard/libc_nano.a(libc_a-nano-vfprintf_float.o)
                0x000000000800b46c                _printf_float
 .text._printf_common
                0x000000000800b8d8       0xda /opt/st/stm32cubeide_1.14.0/plugins/com.st.stm32cube.ide.mcu.externaltools.gnu-tools-for-stm32.11.3.rel1.linux64_1.1.100.202309141235/tools/bin/../lib/gcc/arm-none-eabi/11.3.1/../../../../arm-none-eabi/lib/thumb/v7e-m+fp/hard/libc_nano.a(libc_a-nano-vfprintf_i.o)
                0x000000000800b8d8                _printf_common
 *fill*         0x000000000800b9b2        0x2 
 .text._printf_i
                0x000000000800b9b4      0x244 /opt/st/stm32cubeide_1.14.0/plugins/com.st.stm32cube.ide.mcu.externaltools.gnu-tools-for-stm32.11.3.rel1.linux64_1.1.100.202309141235/tools/bin/../lib/gcc/arm-none-eabi/11.3.1/../../../../arm-none-eabi/lib/thumb/v7e-m+fp/hard/libc_nano.a(libc_a-nano-vfprintf_i.o)
                0x000000000800b9b4                _printf_i
 .text.std      0x000000000800bbf8       0x6c /opt/st/stm32cubeide_1.14.0/plugins/com.st.stm32cube.ide.mcu.externaltools.gnu-tools-for-stm32.11.3.rel1.linux64_1.1.100.202309141235/tools/bin/../lib/gcc/arm-none-eabi/11.3.1/../../../../arm-none-eabi/lib/thumb/v7e-m+fp/hard/libc_nano.a(libc_a-findfp.o)
 .text.stdio_exit_handler
                0x000000000800bc64       0x18 /opt/st/stm32cubeide_1.14.0/plugins/com.st.stm32cube.ide.mcu.externaltools.gnu-tools-for-stm32.11.3.rel1.linux64_1.1.100.202309141235/tools/bin/../lib/gcc/arm-none-eabi/11.3.1/../../../../arm-none-eabi/lib/thumb/v7e-m+fp/hard/libc_nano.a(libc_a-findfp.o)
 .text.cleanup_stdio
                0x000000000800bc7c       0x40 /opt/st/stm32cubeide_1.14.0/plugins/com.st.stm32cube.ide.mcu.externaltools.gnu-tools-for-stm32.11.3.rel1.linux64_1.1.100.202309141235/tools/bin/../lib/gcc/arm-none-eabi/11.3.1/../../../../arm-none-eabi/lib/thumb/v7e-m+fp/hard/libc_nano.a(libc_a-findfp.o)
 .text.global_stdio_init.part.0
                0x000000000800bcbc       0x3c /opt/st/stm32cubeide_1.14.0/plugins/com.st.stm32cube.ide.mcu.externaltools.gnu-tools-for-stm32.11.3.rel1.linux64_1.1.100.202309141235/tools/bin/../lib/gcc/arm-none-eabi/11.3.1/../../../../arm-none-eabi/lib/thumb/v7e-m+fp/hard/libc_nano.a(libc_a-findfp.o)
 .text.__sfp_lock_acquire
                0x000000000800bcf8        0xc /opt/st/stm32cubeide_1.14.0/plugins/com.st.stm32cube.ide.mcu.externaltools.gnu-tools-for-stm32.11.3.rel1.linux64_1.1.100.202309141235/tools/bin/../lib/gcc/arm-none-eabi/11.3.1/../../../../arm-none-eabi/lib/thumb/v7e-m+fp/hard/libc_nano.a(libc_a-findfp.o)
                0x000000000800bcf8                __sfp_lock_acquire
 .text.__sfp_lock_release
                0x000000000800bd04        0xc /opt/st/stm32cubeide_1.14.0/plugins/com.st.stm32cube.ide.mcu.externaltools.gnu-tools-for-stm32.11.3.rel1.linux64_1.1.100.202309141235/tools/bin/../lib/gcc/arm-none-eabi/11.3.1/../../../../arm-none-eabi/lib/thumb/v7e-m+fp/hard/libc_nano.a(libc_a-findfp.o)
                0x000000000800bd04                __sfp_lock_release
 .text.__sinit  0x000000000800bd10       0x30 /opt/st/stm32cubeide_1.14.0/plugins/com.st.stm32cube.ide.mcu.externaltools.gnu-tools-for-stm32.11.3.rel1.linux64_1.1.100.202309141235/tools/bin/../lib/gcc/arm-none-eabi/11.3.1/../../../../arm-none-eabi/lib/thumb/v7e-m+fp/hard/libc_nano.a(libc_a-findfp.o)
                0x000000000800bd10                __sinit
 .text._fwalk_sglue
                0x000000000800bd40       0x3c /opt/st/stm32cubeide_1.14.0/plugins/com.st.stm32cube.ide.mcu.externaltools.gnu-tools-for-stm32.11.3.rel1.linux64_1.1.100.202309141235/tools/bin/../lib/gcc/arm-none-eabi/11.3.1/../../../../arm-none-eabi/lib/thumb/v7e-m+fp/hard/libc_nano.a(libc_a-fwalk.o)
                0x000000000800bd40                _fwalk_sglue
 .text.snprintf
                0x000000000800bd7c       0x68 /opt/st/stm32cubeide_1.14.0/plugins/com.st.stm32cube.ide.mcu.externaltools.gnu-tools-for-stm32.11.3.rel1.linux64_1.1.100.202309141235/tools/bin/../lib/gcc/arm-none-eabi/11.3.1/../../../../arm-none-eabi/lib/thumb/v7e-m+fp/hard/libc_nano.a(libc_a-snprintf.o)
                0x000000000800bd7c                snprintf
                0x000000000800bd7c                sniprintf
 .text.__sread  0x000000000800bde4       0x22 /opt/st/stm32cubeide_1.14.0/plugins/com.st.stm32cube.ide.mcu.externaltools.gnu-tools-for-stm32.11.3.rel1.linux64_1.1.100.202309141235/tools/bin/../lib/gcc/arm-none-eabi/11.3.1/../../../../arm-none-eabi/lib/thumb/v7e-m+fp/hard/libc_nano.a(libc_a-stdio.o)
                0x000000000800bde4                __sread
 .text.__swrite
                0x000000000800be06       0x38 /opt/st/stm32cubeide_1.14.0/plugins/com.st.stm32cube.ide.mcu.externaltools.gnu-tools-for-stm32.11.3.rel1.linux64_1.1.100.202309141235/tools/bin/../lib/gcc/arm-none-eabi/11.3.1/../../../../arm-none-eabi/lib/thumb/v7e-m+fp/hard/libc_nano.a(libc_a-stdio.o)
                0x000000000800be06                __swrite
 .text.__sseek  0x000000000800be3e       0x24 /opt/st/stm32cubeide_1.14.0/plugins/com.st.stm32cube.ide.mcu.externaltools.gnu-tools-for-stm32.11.3.rel1.linux64_1.1.100.202309141235/tools/bin/../lib/gcc/arm-none-eabi/11.3.1/../../../../arm-none-eabi/lib/thumb/v7e-m+fp/hard/libc_nano.a(libc_a-stdio.o)
                0x000000000800be3e                __sseek
 .text.__sclose
                0x000000000800be62        0x8 /opt/st/stm32cubeide_1.14.0/plugins/com.st.stm32cube.ide.mcu.externaltools.gnu-tools-for-stm32.11.3.rel1.linux64_1.1.100.202309141235/tools/bin/../lib/gcc/arm-none-eabi/11.3.1/../../../../arm-none-eabi/lib/thumb/v7e-m+fp/hard/libc_nano.a(libc_a-stdio.o)
                0x000000000800be62                __sclose
 .text.memset   0x000000000800be6a       0x10 /opt/st/stm32cubeide_1.14.0/plugins/com.st.stm32cube.ide.mcu.externaltools.gnu-tools-for-stm32.11.3.rel1.linux64_1.1.100.202309141235/tools/bin/../lib/gcc/arm-none-eabi/11.3.1/../../../../arm-none-eabi/lib/thumb/v7e-m+fp/hard/libc_nano.a(libc_a-memset.o)
                0x000000000800be6a                memset
 *fill*         0x000000000800be7a        0x2 
 .text._localeconv_r
                0x000000000800be7c        0x8 /opt/st/stm32cubeide_1.14.0/plugins/com.st.stm32cube.ide.mcu.externaltools.gnu-tools-for-stm32.11.3.rel1.linux64_1.1.100.202309141235/tools/bin/../lib/gcc/arm-none-eabi/11.3.1/../../../../arm-none-eabi/lib/thumb/v7e-m+fp/hard/libc_nano.a(libc_a-localeconv.o)
                0x000000000800be7c                _localeconv_r
 .text._close_r
                0x000000000800be84       0x20 /opt/st/stm32cubeide_1.14.0/plugins/com.st.stm32cube.ide.mcu.externaltools.gnu-tools-for-stm32.11.3.rel1.linux64_1.1.100.202309141235/tools/bin/../lib/gcc/arm-none-eabi/11.3.1/../../../../arm-none-eabi/lib/thumb/v7e-m+fp/hard/libc_nano.a(libc_a-closer.o)
                0x000000000800be84                _close_r
 .text._reclaim_reent
                0x000000000800bea4       0xac /opt/st/stm32cubeide_1.14.0/plugins/com.st.stm32cube.ide.mcu.externaltools.gnu-tools-for-stm32.11.3.rel1.linux64_1.1.100.202309141235/tools/bin/../lib/gcc/arm-none-eabi/11.3.1/../../../../arm-none-eabi/lib/thumb/v7e-m+fp/hard/libc_nano.a(libc_a-reent.o)
                0x000000000800bea4                _reclaim_reent
 .text._lseek_r
                0x000000000800bf50       0x24 /opt/st/stm32cubeide_1.14.0/plugins/com.st.stm32cube.ide.mcu.externaltools.gnu-tools-for-stm32.11.3.rel1.linux64_1.1.100.202309141235/tools/bin/../lib/gcc/arm-none-eabi/11.3.1/../../../../arm-none-eabi/lib/thumb/v7e-m+fp/hard/libc_nano.a(libc_a-lseekr.o)
                0x000000000800bf50                _lseek_r
 .text._read_r  0x000000000800bf74       0x24 /opt/st/stm32cubeide_1.14.0/plugins/com.st.stm32cube.ide.mcu.externaltools.gnu-tools-for-stm32.11.3.rel1.linux64_1.1.100.202309141235/tools/bin/../lib/gcc/arm-none-eabi/11.3.1/../../../../arm-none-eabi/lib/thumb/v7e-m+fp/hard/libc_nano.a(libc_a-readr.o)
                0x000000000800bf74                _read_r
 .text._write_r
                0x000000000800bf98       0x24 /opt/st/stm32cubeide_1.14.0/plugins/com.st.stm32cube.ide.mcu.externaltools.gnu-tools-for-stm32.11.3.rel1.linux64_1.1.100.202309141235/tools/bin/../lib/gcc/arm-none-eabi/11.3.1/../../../../arm-none-eabi/lib/thumb/v7e-m+fp/hard/libc_nano.a(libc_a-writer.o)
                0x000000000800bf98                _write_r
 .text.__errno  0x000000000800bfbc        0xc /opt/st/stm32cubeide_1.14.0/plugins/com.st.stm32cube.ide.mcu.externaltools.gnu-tools-for-stm32.11.3.rel1.linux64_1.1.100.202309141235/tools/bin/../lib/gcc/arm-none-eabi/11.3.1/../../../../arm-none-eabi/lib/thumb/v7e-m+fp/hard/libc_nano.a(libc_a-errno.o)
                0x000000000800bfbc                __errno
 .text.__libc_init_array
                0x000000000800bfc8       0x48 /opt/st/stm32cubeide_1.14.0/plugins/com.st.stm32cube.ide.mcu.externaltools.gnu-tools-for-stm32.11.3.rel1.linux64_1.1.100.202309141235/tools/bin/../lib/gcc/arm-none-eabi/11.3.1/../../../../arm-none-eabi/lib/thumb/v7e-m+fp/hard/libc_nano.a(libc_a-init.o)
                0x000000000800bfc8                __libc_init_array
 .text.__retarget_lock_init_recursive
                0x000000000800c010        0x2 /opt/st/stm32cubeide_1.14.0/plugins/com.st.stm32cube.ide.mcu.externaltools.gnu-tools-for-stm32.11.3.rel1.linux64_1.1.100.202309141235/tools/bin/../lib/gcc/arm-none-eabi/11.3.1/../../../../arm-none-eabi/lib/thumb/v7e-m+fp/hard/libc_nano.a(libc_a-lock.o)
                0x000000000800c010                __retarget_lock_init_recursive
 .text.__retarget_lock_acquire_recursive
                0x000000000800c012        0x2 /opt/st/stm32cubeide_1.14.0/plugins/com.st.stm32cube.ide.mcu.externaltools.gnu-tools-for-stm32.11.3.rel1.linux64_1.1.100.202309141235/tools/bin/../lib/gcc/arm-none-eabi/11.3.1/../../../../arm-none-eabi/lib/thumb/v7e-m+fp/hard/libc_nano.a(libc_a-lock.o)
                0x000000000800c012                __retarget_lock_acquire_recursive
 .text.__retarget_lock_release_recursive
                0x000000000800c014        0x2 /opt/st/stm32cubeide_1.14.0/plugins/com.st.stm32cube.ide.mcu.externaltools.gnu-tools-for-stm32.11.3.rel1.linux64_1.1.100.202309141235/tools/bin/../lib/gcc/arm-none-eabi/11.3.1/../../../../arm-none-eabi/lib/thumb/v7e-m+fp/hard/libc_nano.a(libc_a-lock.o)
                0x000000000800c014                __retarget_lock_release_recursive
 .text.memcpy   0x000000000800c016       0x1c /opt/st/stm32cubeide_1.14.0/plugins/com.st.stm32cube.ide.mcu.externaltools.gnu-tools-for-stm32.11.3.rel1.linux64_1.1.100.202309141235/tools/bin/../lib/gcc/arm-none-eabi/11.3.1/../../../../arm-none-eabi/lib/thumb/v7e-m+fp/hard/libc_nano.a(libc_a-memcpy-stub.o)
                0x000000000800c016                memcpy
 .text.quorem   0x000000000800c032      0x110 /opt/st/stm32cubeide_1.14.0/plugins/com.st.stm32cube.ide.mcu.externaltools.gnu-tools-for-stm32.11.3.rel1.linux64_1.1.100.202309141235/tools/bin/../lib/gcc/arm-none-eabi/11.3.1/../../../../arm-none-eabi/lib/thumb/v7e-m+fp/hard/libc_nano.a(libc_a-dtoa.o)
 *fill*         0x000000000800c142        0x6 
 .text._dtoa_r  0x000000000800c148      0xbe4 /opt/st/stm32cubeide_1.14.0/plugins/com.st.stm32cube.ide.mcu.externaltools.gnu-tools-for-stm32.11.3.rel1.linux64_1.1.100.202309141235/tools/bin/../lib/gcc/arm-none-eabi/11.3.1/../../../../arm-none-eabi/lib/thumb/v7e-m+fp/hard/libc_nano.a(libc_a-dtoa.o)
                0x000000000800c148                _dtoa_r
 .text._free_r  0x000000000800cd2c       0x98 /opt/st/stm32cubeide_1.14.0/plugins/com.st.stm32cube.ide.mcu.externaltools.gnu-tools-for-stm32.11.3.rel1.linux64_1.1.100.202309141235/tools/bin/../lib/gcc/arm-none-eabi/11.3.1/../../../../arm-none-eabi/lib/thumb/v7e-m+fp/hard/libc_nano.a(libc_a-freer.o)
                0x000000000800cd2c                _free_r
 .text.malloc   0x000000000800cdc4       0x10 /opt/st/stm32cubeide_1.14.0/plugins/com.st.stm32cube.ide.mcu.externaltools.gnu-tools-for-stm32.11.3.rel1.linux64_1.1.100.202309141235/tools/bin/../lib/gcc/arm-none-eabi/11.3.1/../../../../arm-none-eabi/lib/thumb/v7e-m+fp/hard/libc_nano.a(libc_a-malloc.o)
                0x000000000800cdc4                malloc
 .text.sbrk_aligned
                0x000000000800cdd4       0x40 /opt/st/stm32cubeide_1.14.0/plugins/com.st.stm32cube.ide.mcu.externaltools.gnu-tools-for-stm32.11.3.rel1.linux64_1.1.100.202309141235/tools/bin/../lib/gcc/arm-none-eabi/11.3.1/../../../../arm-none-eabi/lib/thumb/v7e-m+fp/hard/libc_nano.a(libc_a-mallocr.o)
 .text._malloc_r
                0x000000000800ce14      0x100 /opt/st/stm32cubeide_1.14.0/plugins/com.st.stm32cube.ide.mcu.externaltools.gnu-tools-for-stm32.11.3.rel1.linux64_1.1.100.202309141235/tools/bin/../lib/gcc/arm-none-eabi/11.3.1/../../../../arm-none-eabi/lib/thumb/v7e-m+fp/hard/libc_nano.a(libc_a-mallocr.o)
                0x000000000800ce14                _malloc_r
 .text.__malloc_lock
                0x000000000800cf14        0xc /opt/st/stm32cubeide_1.14.0/plugins/com.st.stm32cube.ide.mcu.externaltools.gnu-tools-for-stm32.11.3.rel1.linux64_1.1.100.202309141235/tools/bin/../lib/gcc/arm-none-eabi/11.3.1/../../../../arm-none-eabi/lib/thumb/v7e-m+fp/hard/libc_nano.a(libc_a-mlock.o)
                0x000000000800cf14                __malloc_lock
 .text.__malloc_unlock
                0x000000000800cf20        0xc /opt/st/stm32cubeide_1.14.0/plugins/com.st.stm32cube.ide.mcu.externaltools.gnu-tools-for-stm32.11.3.rel1.linux64_1.1.100.202309141235/tools/bin/../lib/gcc/arm-none-eabi/11.3.1/../../../../arm-none-eabi/lib/thumb/v7e-m+fp/hard/libc_nano.a(libc_a-mlock.o)
                0x000000000800cf20                __malloc_unlock
 .text._Balloc  0x000000000800cf2c       0x80 /opt/st/stm32cubeide_1.14.0/plugins/com.st.stm32cube.ide.mcu.externaltools.gnu-tools-for-stm32.11.3.rel1.linux64_1.1.100.202309141235/tools/bin/../lib/gcc/arm-none-eabi/11.3.1/../../../../arm-none-eabi/lib/thumb/v7e-m+fp/hard/libc_nano.a(libc_a-mprec.o)
                0x000000000800cf2c                _Balloc
 .text._Bfree   0x000000000800cfac       0x44 /opt/st/stm32cubeide_1.14.0/plugins/com.st.stm32cube.ide.mcu.externaltools.gnu-tools-for-stm32.11.3.rel1.linux64_1.1.100.202309141235/tools/bin/../lib/gcc/arm-none-eabi/11.3.1/../../../../arm-none-eabi/lib/thumb/v7e-m+fp/hard/libc_nano.a(libc_a-mprec.o)
                0x000000000800cfac                _Bfree
 .text.__multadd
                0x000000000800cff0       0x8c /opt/st/stm32cubeide_1.14.0/plugins/com.st.stm32cube.ide.mcu.externaltools.gnu-tools-for-stm32.11.3.rel1.linux64_1.1.100.202309141235/tools/bin/../lib/gcc/arm-none-eabi/11.3.1/../../../../arm-none-eabi/lib/thumb/v7e-m+fp/hard/libc_nano.a(libc_a-mprec.o)
                0x000000000800cff0                __multadd
 .text.__hi0bits
                0x000000000800d07c       0x40 /opt/st/stm32cubeide_1.14.0/plugins/com.st.stm32cube.ide.mcu.externaltools.gnu-tools-for-stm32.11.3.rel1.linux64_1.1.100.202309141235/tools/bin/../lib/gcc/arm-none-eabi/11.3.1/../../../../arm-none-eabi/lib/thumb/v7e-m+fp/hard/libc_nano.a(libc_a-mprec.o)
                0x000000000800d07c                __hi0bits
 .text.__lo0bits
                0x000000000800d0bc       0x5a /opt/st/stm32cubeide_1.14.0/plugins/com.st.stm32cube.ide.mcu.externaltools.gnu-tools-for-stm32.11.3.rel1.linux64_1.1.100.202309141235/tools/bin/../lib/gcc/arm-none-eabi/11.3.1/../../../../arm-none-eabi/lib/thumb/v7e-m+fp/hard/libc_nano.a(libc_a-mprec.o)
                0x000000000800d0bc                __lo0bits
 *fill*         0x000000000800d116        0x2 
 .text.__i2b    0x000000000800d118       0x2c /opt/st/stm32cubeide_1.14.0/plugins/com.st.stm32cube.ide.mcu.externaltools.gnu-tools-for-stm32.11.3.rel1.linux64_1.1.100.202309141235/tools/bin/../lib/gcc/arm-none-eabi/11.3.1/../../../../arm-none-eabi/lib/thumb/v7e-m+fp/hard/libc_nano.a(libc_a-mprec.o)
                0x000000000800d118                __i2b
 .text.__multiply
                0x000000000800d144      0x154 /opt/st/stm32cubeide_1.14.0/plugins/com.st.stm32cube.ide.mcu.externaltools.gnu-tools-for-stm32.11.3.rel1.linux64_1.1.100.202309141235/tools/bin/../lib/gcc/arm-none-eabi/11.3.1/../../../../arm-none-eabi/lib/thumb/v7e-m+fp/hard/libc_nano.a(libc_a-mprec.o)
                0x000000000800d144                __multiply
 .text.__pow5mult
                0x000000000800d298       0xb4 /opt/st/stm32cubeide_1.14.0/plugins/com.st.stm32cube.ide.mcu.externaltools.gnu-tools-for-stm32.11.3.rel1.linux64_1.1.100.202309141235/tools/bin/../lib/gcc/arm-none-eabi/11.3.1/../../../../arm-none-eabi/lib/thumb/v7e-m+fp/hard/libc_nano.a(libc_a-mprec.o)
                0x000000000800d298                __pow5mult
 .text.__lshift
                0x000000000800d34c       0xd8 /opt/st/stm32cubeide_1.14.0/plugins/com.st.stm32cube.ide.mcu.externaltools.gnu-tools-for-stm32.11.3.rel1.linux64_1.1.100.202309141235/tools/bin/../lib/gcc/arm-none-eabi/11.3.1/../../../../arm-none-eabi/lib/thumb/v7e-m+fp/hard/libc_nano.a(libc_a-mprec.o)
                0x000000000800d34c                __lshift
 .text.__mcmp   0x000000000800d424       0x38 /opt/st/stm32cubeide_1.14.0/plugins/com.st.stm32cube.ide.mcu.externaltools.gnu-tools-for-stm32.11.3.rel1.linux64_1.1.100.202309141235/tools/bin/../lib/gcc/arm-none-eabi/11.3.1/../../../../arm-none-eabi/lib/thumb/v7e-m+fp/hard/libc_nano.a(libc_a-mprec.o)
                0x000000000800d424                __mcmp
 .text.__mdiff  0x000000000800d45c      0x114 /opt/st/stm32cubeide_1.14.0/plugins/com.st.stm32cube.ide.mcu.externaltools.gnu-tools-for-stm32.11.3.rel1.linux64_1.1.100.202309141235/tools/bin/../lib/gcc/arm-none-eabi/11.3.1/../../../../arm-none-eabi/lib/thumb/v7e-m+fp/hard/libc_nano.a(libc_a-mprec.o)
                0x000000000800d45c                __mdiff
 .text.__d2b    0x000000000800d570       0xb4 /opt/st/stm32cubeide_1.14.0/plugins/com.st.stm32cube.ide.mcu.externaltools.gnu-tools-for-stm32.11.3.rel1.linux64_1.1.100.202309141235/tools/bin/../lib/gcc/arm-none-eabi/11.3.1/../../../../arm-none-eabi/lib/thumb/v7e-m+fp/hard/libc_nano.a(libc_a-mprec.o)
                0x000000000800d570                __d2b
 .text.__ssputs_r
                0x000000000800d624       0xb4 /opt/st/stm32cubeide_1.14.0/plugins/com.st.stm32cube.ide.mcu.externaltools.gnu-tools-for-stm32.11.3.rel1.linux64_1.1.100.202309141235/tools/bin/../lib/gcc/arm-none-eabi/11.3.1/../../../../arm-none-eabi/lib/thumb/v7e-m+fp/hard/libc_nano.a(libc_a-nano-svfprintf.o)
                0x000000000800d624                __ssputs_r
 .text._svfprintf_r
                0x000000000800d6d8      0x1fc /opt/st/stm32cubeide_1.14.0/plugins/com.st.stm32cube.ide.mcu.externaltools.gnu-tools-for-stm32.11.3.rel1.linux64_1.1.100.202309141235/tools/bin/../lib/gcc/arm-none-eabi/11.3.1/../../../../arm-none-eabi/lib/thumb/v7e-m+fp/hard/libc_nano.a(libc_a-nano-svfprintf.o)
                0x000000000800d6d8                _svfprintf_r
                0x000000000800d6d8                _svfiprintf_r
 .text.__sflush_r
                0x000000000800d8d4      0x10c /opt/st/stm32cubeide_1.14.0/plugins/com.st.stm32cube.ide.mcu.externaltools.gnu-tools-for-stm32.11.3.rel1.linux64_1.1.100.202309141235/tools/bin/../lib/gcc/arm-none-eabi/11.3.1/../../../../arm-none-eabi/lib/thumb/v7e-m+fp/hard/libc_nano.a(libc_a-fflush.o)
                0x000000000800d8d4                __sflush_r
 .text._fflush_r
                0x000000000800d9e0       0x50 /opt/st/stm32cubeide_1.14.0/plugins/com.st.stm32cube.ide.mcu.externaltools.gnu-tools-for-stm32.11.3.rel1.linux64_1.1.100.202309141235/tools/bin/../lib/gcc/arm-none-eabi/11.3.1/../../../../arm-none-eabi/lib/thumb/v7e-m+fp/hard/libc_nano.a(libc_a-fflush.o)
                0x000000000800d9e0                _fflush_r
 .text.memmove  0x000000000800da30       0x34 /opt/st/stm32cubeide_1.14.0/plugins/com.st.stm32cube.ide.mcu.externaltools.gnu-tools-for-stm32.11.3.rel1.linux64_1.1.100.202309141235/tools/bin/../lib/gcc/arm-none-eabi/11.3.1/../../../../arm-none-eabi/lib/thumb/v7e-m+fp/hard/libc_nano.a(libc_a-memmove.o)
                0x000000000800da30                memmove
 .text._sbrk_r  0x000000000800da64       0x20 /opt/st/stm32cubeide_1.14.0/plugins/com.st.stm32cube.ide.mcu.externaltools.gnu-tools-for-stm32.11.3.rel1.linux64_1.1.100.202309141235/tools/bin/../lib/gcc/arm-none-eabi/11.3.1/../../../../arm-none-eabi/lib/thumb/v7e-m+fp/hard/libc_nano.a(libc_a-sbrkr.o)
                0x000000000800da64                _sbrk_r
 .text.__assert_func
                0x000000000800da84       0x3c /opt/st/stm32cubeide_1.14.0/plugins/com.st.stm32cube.ide.mcu.externaltools.gnu-tools-for-stm32.11.3.rel1.linux64_1.1.100.202309141235/tools/bin/../lib/gcc/arm-none-eabi/11.3.1/../../../../arm-none-eabi/lib/thumb/v7e-m+fp/hard/libc_nano.a(libc_a-assert.o)
                0x000000000800da84                __assert_func
 .text._calloc_r
                0x000000000800dac0       0x2c /opt/st/stm32cubeide_1.14.0/plugins/com.st.stm32cube.ide.mcu.externaltools.gnu-tools-for-stm32.11.3.rel1.linux64_1.1.100.202309141235/tools/bin/../lib/gcc/arm-none-eabi/11.3.1/../../../../arm-none-eabi/lib/thumb/v7e-m+fp/hard/libc_nano.a(libc_a-callocr.o)
                0x000000000800dac0                _calloc_r
 .text.__ascii_mbtowc
                0x000000000800daec       0x24 /opt/st/stm32cubeide_1.14.0/plugins/com.st.stm32cube.ide.mcu.externaltools.gnu-tools-for-stm32.11.3.rel1.linux64_1.1.100.202309141235/tools/bin/../lib/gcc/arm-none-eabi/11.3.1/../../../../arm-none-eabi/lib/thumb/v7e-m+fp/hard/libc_nano.a(libc_a-mbtowc_r.o)
                0x000000000800daec                __ascii_mbtowc
 .text._realloc_r
                0x000000000800db10       0x5e /opt/st/stm32cubeide_1.14.0/plugins/com.st.stm32cube.ide.mcu.externaltools.gnu-tools-for-stm32.11.3.rel1.linux64_1.1.100.202309141235/tools/bin/../lib/gcc/arm-none-eabi/11.3.1/../../../../arm-none-eabi/lib/thumb/v7e-m+fp/hard/libc_nano.a(libc_a-reallocr.o)
                0x000000000800db10                _realloc_r
 .text.__ascii_wctomb
                0x000000000800db6e       0x1a /opt/st/stm32cubeide_1.14.0/plugins/com.st.stm32cube.ide.mcu.externaltools.gnu-tools-for-stm32.11.3.rel1.linux64_1.1.100.202309141235/tools/bin/../lib/gcc/arm-none-eabi/11.3.1/../../../../arm-none-eabi/lib/thumb/v7e-m+fp/hard/libc_nano.a(libc_a-wctomb_r.o)
                0x000000000800db6e                __ascii_wctomb
 .text.fprintf  0x000000000800db88       0x24 /opt/st/stm32cubeide_1.14.0/plugins/com.st.stm32cube.ide.mcu.externaltools.gnu-tools-for-stm32.11.3.rel1.linux64_1.1.100.202309141235/tools/bin/../lib/gcc/arm-none-eabi/11.3.1/../../../../arm-none-eabi/lib/thumb/v7e-m+fp/hard/libc_nano.a(libc_a-fprintf.o)
                0x000000000800db88                fprintf
                0x000000000800db88                fiprintf
 .text.abort    0x000000000800dbac        0xe /opt/st/stm32cubeide_1.14.0/plugins/com.st.stm32cube.ide.mcu.externaltools.gnu-tools-for-stm32.11.3.rel1.linux64_1.1.100.202309141235/tools/bin/../lib/gcc/arm-none-eabi/11.3.1/../../../../arm-none-eabi/lib/thumb/v7e-m+fp/hard/libc_nano.a(libc_a-abort.o)
                0x000000000800dbac                abort
 .text._malloc_usable_size_r
                0x000000000800dbba       0x10 /opt/st/stm32cubeide_1.14.0/plugins/com.st.stm32cube.ide.mcu.externaltools.gnu-tools-for-stm32.11.3.rel1.linux64_1.1.100.202309141235/tools/bin/../lib/gcc/arm-none-eabi/11.3.1/../../../../arm-none-eabi/lib/thumb/v7e-m+fp/hard/libc_nano.a(libc_a-msizer.o)
                0x000000000800dbba                _malloc_usable_size_r
 .text.__sfputc_r
                0x000000000800dbca       0x2e /opt/st/stm32cubeide_1.14.0/plugins/com.st.stm32cube.ide.mcu.externaltools.gnu-tools-for-stm32.11.3.rel1.linux64_1.1.100.202309141235/tools/bin/../lib/gcc/arm-none-eabi/11.3.1/../../../../arm-none-eabi/lib/thumb/v7e-m+fp/hard/libc_nano.a(libc_a-nano-vfprintf.o)
 .text.__sfputs_r
                0x000000000800dbf8       0x24 /opt/st/stm32cubeide_1.14.0/plugins/com.st.stm32cube.ide.mcu.externaltools.gnu-tools-for-stm32.11.3.rel1.linux64_1.1.100.202309141235/tools/bin/../lib/gcc/arm-none-eabi/11.3.1/../../../../arm-none-eabi/lib/thumb/v7e-m+fp/hard/libc_nano.a(libc_a-nano-vfprintf.o)
                0x000000000800dbf8                __sfputs_r
 .text._vfprintf_r
                0x000000000800dc1c      0x234 /opt/st/stm32cubeide_1.14.0/plugins/com.st.stm32cube.ide.mcu.externaltools.gnu-tools-for-stm32.11.3.rel1.linux64_1.1.100.202309141235/tools/bin/../lib/gcc/arm-none-eabi/11.3.1/../../../../arm-none-eabi/lib/thumb/v7e-m+fp/hard/libc_nano.a(libc_a-nano-vfprintf.o)
                0x000000000800dc1c                _vfiprintf_r
                0x000000000800dc1c                _vfprintf_r
 .text.__swbuf_r
                0x000000000800de50       0x7a /opt/st/stm32cubeide_1.14.0/plugins/com.st.stm32cube.ide.mcu.externaltools.gnu-tools-for-stm32.11.3.rel1.linux64_1.1.100.202309141235/tools/bin/../lib/gcc/arm-none-eabi/11.3.1/../../../../arm-none-eabi/lib/thumb/v7e-m+fp/hard/libc_nano.a(libc_a-wbuf.o)
                0x000000000800de50                __swbuf_r
 *fill*         0x000000000800deca        0x2 
 .text.__swsetup_r
                0x000000000800decc       0xb0 /opt/st/stm32cubeide_1.14.0/plugins/com.st.stm32cube.ide.mcu.externaltools.gnu-tools-for-stm32.11.3.rel1.linux64_1.1.100.202309141235/tools/bin/../lib/gcc/arm-none-eabi/11.3.1/../../../../arm-none-eabi/lib/thumb/v7e-m+fp/hard/libc_nano.a(libc_a-wsetup.o)
                0x000000000800decc                __swsetup_r
 .text._raise_r
                0x000000000800df7c       0x50 /opt/st/stm32cubeide_1.14.0/plugins/com.st.stm32cube.ide.mcu.externaltools.gnu-tools-for-stm32.11.3.rel1.linux64_1.1.100.202309141235/tools/bin/../lib/gcc/arm-none-eabi/11.3.1/../../../../arm-none-eabi/lib/thumb/v7e-m+fp/hard/libc_nano.a(libc_a-signal.o)
                0x000000000800df7c                _raise_r
 .text.raise    0x000000000800dfcc       0x10 /opt/st/stm32cubeide_1.14.0/plugins/com.st.stm32cube.ide.mcu.externaltools.gnu-tools-for-stm32.11.3.rel1.linux64_1.1.100.202309141235/tools/bin/../lib/gcc/arm-none-eabi/11.3.1/../../../../arm-none-eabi/lib/thumb/v7e-m+fp/hard/libc_nano.a(libc_a-signal.o)
                0x000000000800dfcc                raise
 .text._kill_r  0x000000000800dfdc       0x24 /opt/st/stm32cubeide_1.14.0/plugins/com.st.stm32cube.ide.mcu.externaltools.gnu-tools-for-stm32.11.3.rel1.linux64_1.1.100.202309141235/tools/bin/../lib/gcc/arm-none-eabi/11.3.1/../../../../arm-none-eabi/lib/thumb/v7e-m+fp/hard/libc_nano.a(libc_a-signalr.o)
                0x000000000800dfdc                _kill_r
 .text._getpid_r
                0x000000000800e000        0x4 /opt/st/stm32cubeide_1.14.0/plugins/com.st.stm32cube.ide.mcu.externaltools.gnu-tools-for-stm32.11.3.rel1.linux64_1.1.100.202309141235/tools/bin/../lib/gcc/arm-none-eabi/11.3.1/../../../../arm-none-eabi/lib/thumb/v7e-m+fp/hard/libc_nano.a(libc_a-signalr.o)
                0x000000000800e000                _getpid_r
 .text.__swhatbuf_r
                0x000000000800e004       0x4c /opt/st/stm32cubeide_1.14.0/plugins/com.st.stm32cube.ide.mcu.externaltools.gnu-tools-for-stm32.11.3.rel1.linux64_1.1.100.202309141235/tools/bin/../lib/gcc/arm-none-eabi/11.3.1/../../../../arm-none-eabi/lib/thumb/v7e-m+fp/hard/libc_nano.a(libc_a-makebuf.o)
                0x000000000800e004                __swhatbuf_r
 .text.__smakebuf_r
                0x000000000800e050       0x78 /opt/st/stm32cubeide_1.14.0/plugins/com.st.stm32cube.ide.mcu.externaltools.gnu-tools-for-stm32.11.3.rel1.linux64_1.1.100.202309141235/tools/bin/../lib/gcc/arm-none-eabi/11.3.1/../../../../arm-none-eabi/lib/thumb/v7e-m+fp/hard/libc_nano.a(libc_a-makebuf.o)
                0x000000000800e050                __smakebuf_r
 .text._fstat_r
                0x000000000800e0c8       0x24 /opt/st/stm32cubeide_1.14.0/plugins/com.st.stm32cube.ide.mcu.externaltools.gnu-tools-for-stm32.11.3.rel1.linux64_1.1.100.202309141235/tools/bin/../lib/gcc/arm-none-eabi/11.3.1/../../../../arm-none-eabi/lib/thumb/v7e-m+fp/hard/libc_nano.a(libc_a-fstatr.o)
                0x000000000800e0c8                _fstat_r
 .text._isatty_r
                0x000000000800e0ec       0x20 /opt/st/stm32cubeide_1.14.0/plugins/com.st.stm32cube.ide.mcu.externaltools.gnu-tools-for-stm32.11.3.rel1.linux64_1.1.100.202309141235/tools/bin/../lib/gcc/arm-none-eabi/11.3.1/../../../../arm-none-eabi/lib/thumb/v7e-m+fp/hard/libc_nano.a(libc_a-isattyr.o)
                0x000000000800e0ec                _isatty_r
 *(.glue_7)
 .glue_7        0x000000000800e10c        0x0 linker stubs
 *(.glue_7t)
 .glue_7t       0x000000000800e10c        0x0 linker stubs
 *(.eh_frame)
 .eh_frame      0x000000000800e10c        0x0 /opt/st/stm32cubeide_1.14.0/plugins/com.st.stm32cube.ide.mcu.externaltools.gnu-tools-for-stm32.11.3.rel1.linux64_1.1.100.202309141235/tools/bin/../lib/gcc/arm-none-eabi/11.3.1/thumb/v7e-m+fp/hard/crtbegin.o
 *(.init)
 .init          0x000000000800e10c        0x4 /opt/st/stm32cubeide_1.14.0/plugins/com.st.stm32cube.ide.mcu.externaltools.gnu-tools-for-stm32.11.3.rel1.linux64_1.1.100.202309141235/tools/bin/../lib/gcc/arm-none-eabi/11.3.1/thumb/v7e-m+fp/hard/crti.o
                0x000000000800e10c                _init
 .init          0x000000000800e110        0x8 /opt/st/stm32cubeide_1.14.0/plugins/com.st.stm32cube.ide.mcu.externaltools.gnu-tools-for-stm32.11.3.rel1.linux64_1.1.100.202309141235/tools/bin/../lib/gcc/arm-none-eabi/11.3.1/thumb/v7e-m+fp/hard/crtn.o
 *(.fini)
 .fini          0x000000000800e118        0x4 /opt/st/stm32cubeide_1.14.0/plugins/com.st.stm32cube.ide.mcu.externaltools.gnu-tools-for-stm32.11.3.rel1.linux64_1.1.100.202309141235/tools/bin/../lib/gcc/arm-none-eabi/11.3.1/thumb/v7e-m+fp/hard/crti.o
                0x000000000800e118                _fini
 .fini          0x000000000800e11c        0x8 /opt/st/stm32cubeide_1.14.0/plugins/com.st.stm32cube.ide.mcu.externaltools.gnu-tools-for-stm32.11.3.rel1.linux64_1.1.100.202309141235/tools/bin/../lib/gcc/arm-none-eabi/11.3.1/thumb/v7e-m+fp/hard/crtn.o
                0x000000000800e124                . = ALIGN (0x4)
                0x000000000800e124                _etext = .

.vfp11_veneer   0x000000000800e124        0x0
 .vfp11_veneer  0x000000000800e124        0x0 linker stubs

.v4_bx          0x000000000800e124        0x0
 .v4_bx         0x000000000800e124        0x0 linker stubs

.iplt           0x000000000800e124        0x0
 .iplt          0x000000000800e124        0x0 /opt/st/stm32cubeide_1.14.0/plugins/com.st.stm32cube.ide.mcu.externaltools.gnu-tools-for-stm32.11.3.rel1.linux64_1.1.100.202309141235/tools/bin/../lib/gcc/arm-none-eabi/11.3.1/thumb/v7e-m+fp/hard/crtbegin.o

.rodata         0x000000000800e128      0x49c
                0x000000000800e128                . = ALIGN (0x4)
 *(.rodata)
 .rodata        0x000000000800e128       0x28 ./Core/Src/freertos.o
 .rodata        0x000000000800e150        0xa ./Core/Src/main.o
 *fill*         0x000000000800e15a        0x2 
 .rodata        0x000000000800e15c        0xc ./Core/Src/sd_card2.o
 .rodata        0x000000000800e168       0x44 ./Middlewares/Third_Party/FatFs/src/ff.o
 .rodata        0x000000000800e1ac        0x5 ./Middlewares/Third_Party/FreeRTOS/Source/tasks.o
 *(.rodata*)
 *fill*         0x000000000800e1b1        0x3 
 .rodata.AHBPrescTable
                0x000000000800e1b4       0x10 ./Core/Src/system_stm32f4xx.o
                0x000000000800e1b4                AHBPrescTable
 .rodata.APBPrescTable
                0x000000000800e1c4        0x8 ./Core/Src/system_stm32f4xx.o
                0x000000000800e1c4                APBPrescTable
 .rodata.flagBitshiftOffset.0
                0x000000000800e1cc        0x8 ./Drivers/STM32F4xx_HAL_Driver/Src/stm32f4xx_hal_dma.o
 .rodata.ExCvt  0x000000000800e1d4       0x80 ./Middlewares/Third_Party/FatFs/src/ff.o
 .rodata._printf_float.str1.1
                0x000000000800e254       0x12 /opt/st/stm32cubeide_1.14.0/plugins/com.st.stm32cube.ide.mcu.externaltools.gnu-tools-for-stm32.11.3.rel1.linux64_1.1.100.202309141235/tools/bin/../lib/gcc/arm-none-eabi/11.3.1/../../../../arm-none-eabi/lib/thumb/v7e-m+fp/hard/libc_nano.a(libc_a-nano-vfprintf_float.o)
 .rodata._printf_i.str1.1
                0x000000000800e266       0x22 /opt/st/stm32cubeide_1.14.0/plugins/com.st.stm32cube.ide.mcu.externaltools.gnu-tools-for-stm32.11.3.rel1.linux64_1.1.100.202309141235/tools/bin/../lib/gcc/arm-none-eabi/11.3.1/../../../../arm-none-eabi/lib/thumb/v7e-m+fp/hard/libc_nano.a(libc_a-nano-vfprintf_i.o)
 .rodata._dtoa_r.str1.1
                0x000000000800e288       0x8d /opt/st/stm32cubeide_1.14.0/plugins/com.st.stm32cube.ide.mcu.externaltools.gnu-tools-for-stm32.11.3.rel1.linux64_1.1.100.202309141235/tools/bin/../lib/gcc/arm-none-eabi/11.3.1/../../../../arm-none-eabi/lib/thumb/v7e-m+fp/hard/libc_nano.a(libc_a-dtoa.o)
                                         0x8f (size before relaxing)
 .rodata._Balloc.str1.1
                0x000000000800e315       0x59 /opt/st/stm32cubeide_1.14.0/plugins/com.st.stm32cube.ide.mcu.externaltools.gnu-tools-for-stm32.11.3.rel1.linux64_1.1.100.202309141235/tools/bin/../lib/gcc/arm-none-eabi/11.3.1/../../../../arm-none-eabi/lib/thumb/v7e-m+fp/hard/libc_nano.a(libc_a-mprec.o)
                                         0x70 (size before relaxing)
 .rodata.__multadd.str1.1
                0x000000000800e36e       0x11 /opt/st/stm32cubeide_1.14.0/plugins/com.st.stm32cube.ide.mcu.externaltools.gnu-tools-for-stm32.11.3.rel1.linux64_1.1.100.202309141235/tools/bin/../lib/gcc/arm-none-eabi/11.3.1/../../../../arm-none-eabi/lib/thumb/v7e-m+fp/hard/libc_nano.a(libc_a-mprec.o)
 *fill*         0x000000000800e36e        0x2 
 .rodata.__mprec_bigtens