../Core/Src/sd_card.c:44:10:SDCardIsFilenameFree	48	static
../Core/Src/sd_card.c:89:9:DoSDCardMount	8	static
../Core/Src/sd_card.c:93:9:DoSDCardOpenFile	80	static
../Core/Src/sd_card.c:108:9:DoSDCardWrite	24	static
../Core/Src/sd_card.c:124:9:DoSDSync	16	static
../Core/Src/sd_card.c:130:9:DoSDEject	16	static
../Core/Src/sd_card.c:140:6:SD_Init	24	static,ignoring_inline_asm
../Core/Src/sd_card.c:158:6:StartSDCardTask	96	static
../Core/Src/sd_card.c:187:7:SDCardWrite	96	static
../Core/Src/sd_card.c:204:7:SDCardSync	88	static
